{"sessionId": "1cc792", "hypothesisId": "H-UUID", "location": "persistent_json_watch.py:_diff_by_uuid", "message": "uuid_diff", "data": {"before_count": 3, "after_count": 2, "uuid_before": 3, "uuid_after": 2, "events": [["deleted", 2, "u2"]]}, "timestamp": 1782527356229}
{"sessionId": "1cc792", "hypothesisId": "H-UUID", "location": "persistent_json_watch.py:_diff_by_uuid", "message": "uuid_diff", "data": {"before_count": 1, "after_count": 2, "uuid_before": 1, "uuid_after": 2, "events": [["inserted", 2, "u2"]]}, "timestamp": 1782527356229}
{"sessionId": "1cc792", "hypothesisId": "H-UUID", "location": "persistent_json_watch.py:_diff_by_uuid", "message": "uuid_diff", "data": {"before_count": 3, "after_count": 3, "uuid_before": 3, "uuid_after": 3, "events": []}, "timestamp": 1782527356239}
{"sessionId": "1cc792", "hypothesisId": "H-UUID", "location": "persistent_json_watch.py:_diff_by_uuid", "message": "uuid_diff", "data": {"before_count": 2, "after_count": 7, "uuid_before": 2, "uuid_after": 7, "events": [["inserted", 12, "n1"], ["inserted", 13, "n2"], ["inserted", 14, "n3"], ["inserted", 15, "n4"], ["inserted", 16, "n5"]]}, "timestamp": 1782527356239}
{"sessionId": "1cc792", "hypothesisId": "H-UUID", "location": "persistent_json_watch.py:_diff_by_uuid", "message": "uuid_diff", "data": {"before_count": 5, "after_count": 4, "uuid_before": 5, "uuid_after": 4, "events": [["deleted", 17, "e17"]]}, "timestamp": 1782527356239}
{"sessionId": "1cc792", "hypothesisId": "H-UUID", "location": "persistent_json_watch.py:_diff_by_uuid", "message": "uuid_diff", "data": {"before_count": 1, "after_count": 1, "uuid_before": 1, "uuid_after": 1, "events": [["edited", 1, "u1"]]}, "timestamp": 1782527356239}
{"sessionId": "1cc792", "hypothesisId": "H-UUID", "location": "persistent_json_watch.py:_diff_by_uuid", "message": "uuid_diff", "data": {"before_count": 4, "after_count": 2, "uuid_before": 4, "uuid_after": 2, "events": [["deleted", 2, "u2"], ["deleted", 3, "u3"]]}, "timestamp": 1782527356239}
{"sessionId": "1cc792", "hypothesisId": "H-UUID", "location": "persistent_json_watch.py:_diff_by_uuid", "message": "uuid_diff", "data": {"before_count": 1, "after_count": 1, "uuid_before": 1, "uuid_after": 1, "events": []}, "timestamp": 1782527356239}
{"sessionId": "1cc792", "hypothesisId": "H2", "location": "persistent_json_watch.py:watch_loop", "message": "settle_done", "data": {"pre_settle_mtime": 1782527383.039722, "post_settle_mtime": 1782527383.039722, "settle_ms": 200}, "timestamp": 1782527383247}
{"sessionId": "1cc792", "hypothesisId": "H-UUID", "location": "persistent_json_watch.py:_diff_by_uuid", "message": "uuid_diff", "data": {"before_count": 49, "after_count": 49, "uuid_before": 4, "uuid_after": 4, "events": [["edited", 10, null]]}, "timestamp": 1782527383263}
{"sessionId": "1cc792", "hypothesisId": "H1", "location": "persistent_json_watch.py:watch_loop", "message": "struct_hash_changed", "data": {"prev_hash": "a5d5543f79d40c96", "new_hash": "5a7ca3fe2d36d6e8", "mtime": 1782527383.039722, "event_count": 1, "actions": ["edited"], "indices": [10], "uuids": [null]}, "timestamp": 1782527383263}
{"sessionId": "1cc792", "hypothesisId": "H4", "location": "persistent_json_watch.py:_emit_change", "message": "emit", "data": {"action": "edited", "index": 10, "uuid": null, "text_len": 1, "gap_ms_since_last_emit": null, "overwrite_same_line": false}, "timestamp": 1782527383263}
{"sessionId": "1cc792", "hypothesisId": "H2", "location": "persistent_json_watch.py:watch_loop", "message": "settle_done", "data": {"pre_settle_mtime": 1782527383.4611175, "post_settle_mtime": 1782527383.4611175, "settle_ms": 200}, "timestamp": 1782527383672}
{"sessionId": "1cc792", "hypothesisId": "H-UUID", "location": "persistent_json_watch.py:_diff_by_uuid", "message": "uuid_diff", "data": {"before_count": 49, "after_count": 49, "uuid_before": 4, "uuid_after": 4, "events": [["edited", 10, null]]}, "timestamp": 1782527383689}
{"sessionId": "1cc792", "hypothesisId": "H1", "location": "persistent_json_watch.py:watch_loop", "message": "struct_hash_changed", "data": {"prev_hash": "5a7ca3fe2d36d6e8", "new_hash": "8fbb42cd7231736a", "mtime": 1782527383.4611175, "event_count": 1, "actions": ["edited"], "indices": [10], "uuids": [null]}, "timestamp": 1782527383689}
{"sessionId": "1cc792", "hypothesisId": "H4", "location": "persistent_json_watch.py:_emit_change", "message": "emit", "data": {"action": "edited", "index": 10, "uuid": null, "text_len": 4, "gap_ms_since_last_emit": 421, "overwrite_same_line": true}, "timestamp": 1782527383690}
{"sessionId": "1cc792", "hypothesisId": "H2", "location": "persistent_json_watch.py:watch_loop", "message": "settle_done", "data": {"pre_settle_mtime": 1782527386.9295447, "post_settle_mtime": 1782527386.9295447, "settle_ms": 200}, "timestamp": 1782527387220}
{"sessionId": "1cc792", "hypothesisId": "H-UUID", "location": "persistent_json_watch.py:_diff_by_uuid", "message": "uuid_diff", "data": {"before_count": 49, "after_count": 49, "uuid_before": 4, "uuid_after": 4, "events": [["edited", 10, null]]}, "timestamp": 1782527387273}
{"sessionId": "1cc792", "hypothesisId": "H1", "location": "persistent_json_watch.py:watch_loop", "message": "struct_hash_changed", "data": {"prev_hash": "8fbb42cd7231736a", "new_hash": "a0bdaf209ba89544", "mtime": 1782527386.9295447, "event_count": 1, "actions": ["edited"], "indices": [10], "uuids": [null]}, "timestamp": 1782527387273}
{"sessionId": "1cc792", "hypothesisId": "H4", "location": "persistent_json_watch.py:_emit_change", "message": "emit", "data": {"action": "edited", "index": 10, "uuid": null, "text_len": 2, "gap_ms_since_last_emit": 3578, "overwrite_same_line": true}, "timestamp": 1782527387273}
{"sessionId": "1cc792", "hypothesisId": "H2", "location": "persistent_json_watch.py:watch_loop", "message": "settle_done", "data": {"pre_settle_mtime": 1782527390.687161, "post_settle_mtime": 1782527390.687161, "settle_ms": 200}, "timestamp": 1782527390989}
{"sessionId": "1cc792", "hypothesisId": "H-UUID", "location": "persistent_json_watch.py:_diff_by_uuid", "message": "uuid_diff", "data": {"before_count": 49, "after_count": 49, "uuid_before": 4, "uuid_after": 4, "events": [["edited", 10, null]]}, "timestamp": 1782527390996}
{"sessionId": "1cc792", "hypothesisId": "H1", "location": "persistent_json_watch.py:watch_loop", "message": "struct_hash_changed", "data": {"prev_hash": "a0bdaf209ba89544", "new_hash": "5a7ca3fe2d36d6e8", "mtime": 1782527390.687161, "event_count": 1, "actions": ["edited"], "indices": [10], "uuids": [null]}, "timestamp": 1782527390996}
{"sessionId": "1cc792", "hypothesisId": "H4", "location": "persistent_json_watch.py:_emit_change", "message": "emit", "data": {"action": "edited", "index": 10, "uuid": null, "text_len": 1, "gap_ms_since_last_emit": 3734, "overwrite_same_line": true}, "timestamp": 1782527390996}
{"sessionId": "1cc792", "hypothesisId": "H2", "location": "persistent_json_watch.py:watch_loop", "message": "settle_done", "data": {"pre_settle_mtime": 1782527391.078361, "post_settle_mtime": 1782527391.078361, "settle_ms": 200}, "timestamp": 1782527391303}
{"sessionId": "1cc792", "hypothesisId": "H-UUID", "location": "persistent_json_watch.py:_diff_by_uuid", "message": "uuid_diff", "data": {"before_count": 49, "after_count": 49, "uuid_before": 4, "uuid_after": 4, "events": [["edited", 10, null]]}, "timestamp": 1782527391321}
{"sessionId": "1cc792", "hypothesisId": "H1", "location": "persistent_json_watch.py:watch_loop", "message": "struct_hash_changed", "data": {"prev_hash": "5a7ca3fe2d36d6e8", "new_hash": "a5d5543f79d40c96", "mtime": 1782527391.078361, "event_count": 1, "actions": ["edited"], "indices": [10], "uuids": [null]}, "timestamp": 1782527391321}
{"sessionId": "1cc792", "hypothesisId": "H4", "location": "persistent_json_watch.py:_emit_change", "message": "emit", "data": {"action": "edited", "index": 10, "uuid": null, "text_len": 0, "gap_ms_since_last_emit": 328, "overwrite_same_line": true}, "timestamp": 1782527391322}
{"sessionId": "1cc792", "hypothesisId": "H2", "location": "persistent_json_watch.py:watch_loop", "message": "settle_done", "data": {"pre_settle_mtime": 1782527397.5435214, "post_settle_mtime": 1782527397.5435214, "settle_ms": 200}, "timestamp": 1782527397816}
{"sessionId": "1cc792", "hypothesisId": "H2", "location": "persistent_json_watch.py:_wait_structural_quiescence", "message": "quiescent", "data": {"count": 48, "quiesce_ms": 1200, "idle_ms": 1280}, "timestamp": 1782527399284}
{"sessionId": "1cc792", "hypothesisId": "H5", "location": "persistent_json_watch.py:watch_loop", "message": "structural_batch", "data": {"anchor_count": 49, "final_count": 48, "count_delta": -1}, "timestamp": 1782527399284}
{"sessionId": "1cc792", "hypothesisId": "H-UUID", "location": "persistent_json_watch.py:_diff_by_uuid", "message": "uuid_diff", "data": {"before_count": 49, "after_count": 48, "uuid_before": 4, "uuid_after": 4, "events": [["deleted", 17, null]]}, "timestamp": 1782527399285}
{"sessionId": "1cc792", "hypothesisId": "H1", "location": "persistent_json_watch.py:watch_loop", "message": "struct_hash_changed", "data": {"prev_hash": "a5d5543f79d40c96", "new_hash": "df0d8eac0853ee57", "mtime": 1782527397.951982, "event_count": 1, "actions": ["deleted"], "indices": [17], "uuids": [null]}, "timestamp": 1782527399285}
{"sessionId": "1cc792", "hypothesisId": "H4", "location": "persistent_json_watch.py:_emit_change", "message": "emit", "data": {"action": "deleted", "index": 17, "uuid": null, "text_len": 0, "gap_ms_since_last_emit": 7952, "overwrite_same_line": false}, "timestamp": 1782527399285}
