{"sessionId": "f9d51b", "hypothesisId": "H-DEL", "location": "persistent_json_watch.py:diff_cells", "message": "deletions", "data": {"count_delta": -1, "events": [["deleted", 2]]}, "timestamp": 1782494809053}
{"sessionId": "f9d51b", "hypothesisId": "H-INS", "location": "persistent_json_watch.py:diff_cells", "message": "insertions", "data": {"count_delta": 1, "events": [["inserted", 2]]}, "timestamp": 1782494809053}
{"sessionId": "f9d51b", "hypothesisId": "H-DEL", "location": "persistent_json_watch.py:diff_cells", "message": "deletions", "data": {"count_delta": -1, "events": [["deleted", 2]]}, "timestamp": 1782494809064}
{"sessionId": "f9d51b", "hypothesisId": "H-DEL", "location": "persistent_json_watch.py:diff_cells", "message": "deletions", "data": {"count_delta": -2, "events": [["deleted", 2], ["deleted", 3]]}, "timestamp": 1782494809074}
{"sessionId": "f9d51b", "hypothesisId": "H-INS", "location": "persistent_json_watch.py:diff_cells", "message": "insertions", "data": {"count_delta": 1, "events": [["inserted", 2]]}, "timestamp": 1782494809074}
{"sessionId": "f9d51b", "hypothesisId": "H-REN", "location": "persistent_json_watch.py:diff_cells", "message": "skip_renumber_edit", "data": {"before_idx": 18, "after_idx": 20, "position": 3}, "timestamp": 1782494809074}
{"sessionId": "f9d51b", "hypothesisId": "H-LBL", "location": "persistent_json_watch.py:diff_cells", "message": "skip_label_resync_edit", "data": {"index": 22}, "timestamp": 1782494809085}
{"sessionId": "f9d51b", "hypothesisId": "H2", "location": "persistent_json_watch.py:watch_loop", "message": "settle_done", "data": {"pre_settle_mtime": 1782494931.096422, "post_settle_mtime": 1782494931.096422, "settle_ms": 200}, "timestamp": 1782494931352}
{"sessionId": "f9d51b", "hypothesisId": "H-DEL", "location": "persistent_json_watch.py:diff_cells", "message": "deletions", "data": {"count_delta": -1, "events": [["deleted", 2]]}, "timestamp": 1782494931456}
{"sessionId": "f9d51b", "hypothesisId": "H1", "location": "persistent_json_watch.py:watch_loop", "message": "struct_hash_changed", "data": {"prev_hash": "12c14dfb28f6124c", "new_hash": "72011e27b16d14b2", "mtime": 1782494931.096422, "event_count": 1, "actions": ["deleted"], "indices": [2], "text_lens": [0]}, "timestamp": 1782494931456}
{"sessionId": "f9d51b", "hypothesisId": "H4", "location": "persistent_json_watch.py:_emit_change", "message": "emit", "data": {"action": "deleted", "index": 2, "text_len": 0, "gap_ms_since_last_emit": null, "overwrite_same_line": false, "runId": "post-fix"}, "timestamp": 1782494931456}
{"sessionId": "f9d51b", "hypothesisId": "H2", "location": "persistent_json_watch.py:watch_loop", "message": "settle_done", "data": {"pre_settle_mtime": 1782494931.5799987, "post_settle_mtime": 1782494931.5799987, "settle_ms": 200}, "timestamp": 1782494931865}
{"sessionId": "f9d51b", "hypothesisId": "H-DEL", "location": "persistent_json_watch.py:diff_cells", "message": "deletions", "data": {"count_delta": -1, "events": [["deleted", 2]]}, "timestamp": 1782494931926}
{"sessionId": "f9d51b", "hypothesisId": "H1", "location": "persistent_json_watch.py:watch_loop", "message": "struct_hash_changed", "data": {"prev_hash": "72011e27b16d14b2", "new_hash": "cd116b60769e2133", "mtime": 1782494931.5799987, "event_count": 1, "actions": ["deleted"], "indices": [2], "text_lens": [0]}, "timestamp": 1782494931926}
{"sessionId": "f9d51b", "hypothesisId": "H4", "location": "persistent_json_watch.py:_emit_change", "message": "emit", "data": {"action": "deleted", "index": 2, "text_len": 0, "gap_ms_since_last_emit": 469, "overwrite_same_line": false, "runId": "post-fix"}, "timestamp": 1782494931927}
{"sessionId": "f9d51b", "hypothesisId": "H2", "location": "persistent_json_watch.py:watch_loop", "message": "settle_done", "data": {"pre_settle_mtime": 1782494931.9879632, "post_settle_mtime": 1782494931.9879632, "settle_ms": 200}, "timestamp": 1782494932239}
{"sessionId": "f9d51b", "hypothesisId": "H-LBL", "location": "persistent_json_watch.py:diff_cells", "message": "skip_label_resync_edit", "data": {"index": 20}, "timestamp": 1782494932274}
{"sessionId": "f9d51b", "hypothesisId": "H1", "location": "persistent_json_watch.py:watch_loop", "message": "struct_hash_changed", "data": {"prev_hash": "cd116b60769e2133", "new_hash": "1389f4294b283efe", "mtime": 1782494931.9879632, "event_count": 0, "actions": [], "indices": [], "text_lens": []}, "timestamp": 1782494932274}
{"sessionId": "f9d51b", "hypothesisId": "H2", "location": "persistent_json_watch.py:watch_loop", "message": "settle_done", "data": {"pre_settle_mtime": 1782494932.414186, "post_settle_mtime": 1782494932.414186, "settle_ms": 200}, "timestamp": 1782494932692}
{"sessionId": "f9d51b", "hypothesisId": "H-DEL", "location": "persistent_json_watch.py:diff_cells", "message": "deletions", "data": {"count_delta": -1, "events": [["deleted", 2]]}, "timestamp": 1782494932773}
{"sessionId": "f9d51b", "hypothesisId": "H1", "location": "persistent_json_watch.py:watch_loop", "message": "struct_hash_changed", "data": {"prev_hash": "1389f4294b283efe", "new_hash": "82646586374a36a7", "mtime": 1782494932.414186, "event_count": 1, "actions": ["deleted"], "indices": [2], "text_lens": [0]}, "timestamp": 1782494932773}
{"sessionId": "f9d51b", "hypothesisId": "H4", "location": "persistent_json_watch.py:_emit_change", "message": "emit", "data": {"action": "deleted", "index": 2, "text_len": 0, "gap_ms_since_last_emit": 843, "overwrite_same_line": false, "runId": "post-fix"}, "timestamp": 1782494932773}
{"sessionId": "f9d51b", "hypothesisId": "H2", "location": "persistent_json_watch.py:watch_loop", "message": "settle_done", "data": {"pre_settle_mtime": 1782494932.8884873, "post_settle_mtime": 1782494932.8884873, "settle_ms": 200}, "timestamp": 1782494933190}
{"sessionId": "f9d51b", "hypothesisId": "H-DEL", "location": "persistent_json_watch.py:diff_cells", "message": "deletions", "data": {"count_delta": -1, "events": [["deleted", 2]]}, "timestamp": 1782494933238}
{"sessionId": "f9d51b", "hypothesisId": "H1", "location": "persistent_json_watch.py:watch_loop", "message": "struct_hash_changed", "data": {"prev_hash": "82646586374a36a7", "new_hash": "42fba82a7614d67e", "mtime": 1782494932.8884873, "event_count": 1, "actions": ["deleted"], "indices": [2], "text_lens": [0]}, "timestamp": 1782494933238}
{"sessionId": "f9d51b", "hypothesisId": "H4", "location": "persistent_json_watch.py:_emit_change", "message": "emit", "data": {"action": "deleted", "index": 2, "text_len": 0, "gap_ms_since_last_emit": 469, "overwrite_same_line": false, "runId": "post-fix"}, "timestamp": 1782494933238}
{"sessionId": "f9d51b", "hypothesisId": "H2", "location": "persistent_json_watch.py:watch_loop", "message": "settle_done", "data": {"pre_settle_mtime": 1782494933.261961, "post_settle_mtime": 1782494933.261961, "settle_ms": 200}, "timestamp": 1782494933543}
{"sessionId": "f9d51b", "hypothesisId": "H-LBL", "location": "persistent_json_watch.py:diff_cells", "message": "skip_label_resync_edit", "data": {"index": 18}, "timestamp": 1782494933575}
{"sessionId": "f9d51b", "hypothesisId": "H1", "location": "persistent_json_watch.py:watch_loop", "message": "struct_hash_changed", "data": {"prev_hash": "42fba82a7614d67e", "new_hash": "481c9a40786dc994", "mtime": 1782494933.261961, "event_count": 0, "actions": [], "indices": [], "text_lens": []}, "timestamp": 1782494933576}
{"sessionId": "f9d51b", "hypothesisId": "H2", "location": "persistent_json_watch.py:watch_loop", "message": "settle_done", "data": {"pre_settle_mtime": 1782494942.6853313, "post_settle_mtime": 1782494942.6853313, "settle_ms": 200}, "timestamp": 1782494942968}
{"sessionId": "f9d51b", "hypothesisId": "H-INS", "location": "persistent_json_watch.py:diff_cells", "message": "insertions", "data": {"count_delta": 1, "events": [["inserted", 7]]}, "timestamp": 1782494943031}
{"sessionId": "f9d51b", "hypothesisId": "H1", "location": "persistent_json_watch.py:watch_loop", "message": "struct_hash_changed", "data": {"prev_hash": "481c9a40786dc994", "new_hash": "ab2bb2474bc95314", "mtime": 1782494942.6853313, "event_count": 1, "actions": ["inserted"], "indices": [7], "text_lens": [0]}, "timestamp": 1782494943031}
{"sessionId": "f9d51b", "hypothesisId": "H4", "location": "persistent_json_watch.py:_emit_change", "message": "emit", "data": {"action": "inserted", "index": 7, "text_len": 0, "gap_ms_since_last_emit": 9780, "overwrite_same_line": false, "runId": "post-fix"}, "timestamp": 1782494943031}
{"sessionId": "f9d51b", "hypothesisId": "H2", "location": "persistent_json_watch.py:watch_loop", "message": "settle_done", "data": {"pre_settle_mtime": 1782494944.0878184, "post_settle_mtime": 1782494944.0878184, "settle_ms": 200}, "timestamp": 1782494944412}
{"sessionId": "f9d51b", "hypothesisId": "H-INS", "location": "persistent_json_watch.py:diff_cells", "message": "insertions", "data": {"count_delta": 1, "events": [["inserted", 7]]}, "timestamp": 1782494944479}
{"sessionId": "f9d51b", "hypothesisId": "H1", "location": "persistent_json_watch.py:watch_loop", "message": "struct_hash_changed", "data": {"prev_hash": "ab2bb2474bc95314", "new_hash": "a318be2a59d334d1", "mtime": 1782494944.0878184, "event_count": 1, "actions": ["inserted"], "indices": [7], "text_lens": [0]}, "timestamp": 1782494944479}
{"sessionId": "f9d51b", "hypothesisId": "H4", "location": "persistent_json_watch.py:_emit_change", "message": "emit", "data": {"action": "inserted", "index": 7, "text_len": 0, "gap_ms_since_last_emit": 1453, "overwrite_same_line": false, "runId": "post-fix"}, "timestamp": 1782494944489}
{"sessionId": "f9d51b", "hypothesisId": "H2", "location": "persistent_json_watch.py:watch_loop", "message": "settle_done", "data": {"pre_settle_mtime": 1782494944.5235474, "post_settle_mtime": 1782494944.5235474, "settle_ms": 200}, "timestamp": 1782494944795}
{"sessionId": "f9d51b", "hypothesisId": "H-LBL", "location": "persistent_json_watch.py:diff_cells", "message": "skip_label_resync_edit", "data": {"index": 20}, "timestamp": 1782494944822}
{"sessionId": "f9d51b", "hypothesisId": "H1", "location": "persistent_json_watch.py:watch_loop", "message": "struct_hash_changed", "data": {"prev_hash": "a318be2a59d334d1", "new_hash": "0a46b6ed7820799b", "mtime": 1782494944.5235474, "event_count": 0, "actions": [], "indices": [], "text_lens": []}, "timestamp": 1782494944822}
{"sessionId": "f9d51b", "hypothesisId": "H2", "location": "persistent_json_watch.py:watch_loop", "message": "settle_done", "data": {"pre_settle_mtime": 1782494945.411005, "post_settle_mtime": 1782494945.411005, "settle_ms": 200}, "timestamp": 1782494945641}
{"sessionId": "f9d51b", "hypothesisId": "H-INS", "location": "persistent_json_watch.py:diff_cells", "message": "insertions", "data": {"count_delta": 1, "events": [["inserted", 7]]}, "timestamp": 1782494945738}
{"sessionId": "f9d51b", "hypothesisId": "H1", "location": "persistent_json_watch.py:watch_loop", "message": "struct_hash_changed", "data": {"prev_hash": "0a46b6ed7820799b", "new_hash": "afdb4ad7880f05f2", "mtime": 1782494945.411005, "event_count": 1, "actions": ["inserted"], "indices": [7], "text_lens": [0]}, "timestamp": 1782494945738}
{"sessionId": "f9d51b", "hypothesisId": "H4", "location": "persistent_json_watch.py:_emit_change", "message": "emit", "data": {"action": "inserted", "index": 7, "text_len": 0, "gap_ms_since_last_emit": 1266, "overwrite_same_line": false, "runId": "post-fix"}, "timestamp": 1782494945738}
{"sessionId": "f9d51b", "hypothesisId": "H2", "location": "persistent_json_watch.py:watch_loop", "message": "settle_done", "data": {"pre_settle_mtime": 1782494945.8876464, "post_settle_mtime": 1782494945.8876464, "settle_ms": 200}, "timestamp": 1782494946162}
{"sessionId": "f9d51b", "hypothesisId": "H-LBL", "location": "persistent_json_watch.py:diff_cells", "message": "skip_label_resync_edit", "data": {"index": 21}, "timestamp": 1782494946195}
{"sessionId": "f9d51b", "hypothesisId": "H1", "location": "persistent_json_watch.py:watch_loop", "message": "struct_hash_changed", "data": {"prev_hash": "afdb4ad7880f05f2", "new_hash": "ad57bb455fdcfb55", "mtime": 1782494945.8876464, "event_count": 0, "actions": [], "indices": [], "text_lens": []}, "timestamp": 1782494946196}
{"sessionId": "f9d51b", "hypothesisId": "H2", "location": "persistent_json_watch.py:watch_loop", "message": "settle_done", "data": {"pre_settle_mtime": 1782494946.7508857, "post_settle_mtime": 1782494946.7508857, "settle_ms": 200}, "timestamp": 1782494947007}
{"sessionId": "f9d51b", "hypothesisId": "H-INS", "location": "persistent_json_watch.py:diff_cells", "message": "insertions", "data": {"count_delta": 1, "events": [["inserted", 7]]}, "timestamp": 1782494947087}
{"sessionId": "f9d51b", "hypothesisId": "H1", "location": "persistent_json_watch.py:watch_loop", "message": "struct_hash_changed", "data": {"prev_hash": "ad57bb455fdcfb55", "new_hash": "a3dc51b13ce01c25", "mtime": 1782494946.7508857, "event_count": 1, "actions": ["inserted"], "indices": [7], "text_lens": [0]}, "timestamp": 1782494947087}
{"sessionId": "f9d51b", "hypothesisId": "H4", "location": "persistent_json_watch.py:_emit_change", "message": "emit", "data": {"action": "inserted", "index": 7, "text_len": 0, "gap_ms_since_last_emit": 1342, "overwrite_same_line": false, "runId": "post-fix"}, "timestamp": 1782494947087}
{"sessionId": "f9d51b", "hypothesisId": "H2", "location": "persistent_json_watch.py:watch_loop", "message": "settle_done", "data": {"pre_settle_mtime": 1782494962.9462826, "post_settle_mtime": 1782494962.9462826, "settle_ms": 200}, "timestamp": 1782494963230}
{"sessionId": "f9d51b", "hypothesisId": "H1", "location": "persistent_json_watch.py:watch_loop", "message": "struct_hash_changed", "data": {"prev_hash": "a3dc51b13ce01c25", "new_hash": "6b8a78d8d92d6876", "mtime": 1782494962.9462826, "event_count": 1, "actions": ["edited"], "indices": [13], "text_lens": [2]}, "timestamp": 1782494963309}
{"sessionId": "f9d51b", "hypothesisId": "H4", "location": "persistent_json_watch.py:_emit_change", "message": "emit", "data": {"action": "edited", "index": 13, "text_len": 2, "gap_ms_since_last_emit": 16219, "overwrite_same_line": false, "runId": "post-fix"}, "timestamp": 1782494963309}
{"sessionId": "f9d51b", "hypothesisId": "H2", "location": "persistent_json_watch.py:watch_loop", "message": "settle_done", "data": {"pre_settle_mtime": 1782494963.563946, "post_settle_mtime": 1782494963.563946, "settle_ms": 200}, "timestamp": 1782494963863}
{"sessionId": "f9d51b", "hypothesisId": "H1", "location": "persistent_json_watch.py:watch_loop", "message": "struct_hash_changed", "data": {"prev_hash": "6b8a78d8d92d6876", "new_hash": "642e19b154f3e520", "mtime": 1782494963.563946, "event_count": 1, "actions": ["edited"], "indices": [13], "text_lens": [5]}, "timestamp": 1782494964006}
{"sessionId": "f9d51b", "hypothesisId": "H4", "location": "persistent_json_watch.py:_emit_change", "message": "emit", "data": {"action": "edited", "index": 13, "text_len": 5, "gap_ms_since_last_emit": 702, "overwrite_same_line": true, "runId": "post-fix"}, "timestamp": 1782494964008}
{"sessionId": "f9d51b", "hypothesisId": "H2", "location": "persistent_json_watch.py:watch_loop", "message": "settle_done", "data": {"pre_settle_mtime": 1782494966.4706626, "post_settle_mtime": 1782494966.4706626, "settle_ms": 200}, "timestamp": 1782494966728}
{"sessionId": "f9d51b", "hypothesisId": "H1", "location": "persistent_json_watch.py:watch_loop", "message": "struct_hash_changed", "data": {"prev_hash": "642e19b154f3e520", "new_hash": "799cdb9d13774cbd", "mtime": 1782494966.4706626, "event_count": 1, "actions": ["edited"], "indices": [13], "text_lens": [3]}, "timestamp": 1782494966774}
{"sessionId": "f9d51b", "hypothesisId": "H4", "location": "persistent_json_watch.py:_emit_change", "message": "emit", "data": {"action": "edited", "index": 13, "text_len": 3, "gap_ms_since_last_emit": 2766, "overwrite_same_line": true, "runId": "post-fix"}, "timestamp": 1782494966775}
{"sessionId": "f9d51b", "hypothesisId": "H2", "location": "persistent_json_watch.py:watch_loop", "message": "settle_done", "data": {"pre_settle_mtime": 1782494968.8091612, "post_settle_mtime": 1782494968.8091612, "settle_ms": 200}, "timestamp": 1782494969118}
{"sessionId": "f9d51b", "hypothesisId": "H1", "location": "persistent_json_watch.py:watch_loop", "message": "struct_hash_changed", "data": {"prev_hash": "799cdb9d13774cbd", "new_hash": "280420c1b22791af", "mtime": 1782494968.8091612, "event_count": 1, "actions": ["edited"], "indices": [14], "text_lens": [8]}, "timestamp": 1782494969180}
{"sessionId": "f9d51b", "hypothesisId": "H4", "location": "persistent_json_watch.py:_emit_change", "message": "emit", "data": {"action": "edited", "index": 14, "text_len": 8, "gap_ms_since_last_emit": 2406, "overwrite_same_line": false, "runId": "post-fix"}, "timestamp": 1782494969180}
{"sessionId": "f9d51b", "hypothesisId": "H2", "location": "persistent_json_watch.py:watch_loop", "message": "settle_done", "data": {"pre_settle_mtime": 1782494971.5576046, "post_settle_mtime": 1782494971.5576046, "settle_ms": 200}, "timestamp": 1782494971839}
{"sessionId": "f9d51b", "hypothesisId": "H1", "location": "persistent_json_watch.py:watch_loop", "message": "struct_hash_changed", "data": {"prev_hash": "280420c1b22791af", "new_hash": "726406c03db37c66", "mtime": 1782494971.5576046, "event_count": 1, "actions": ["edited"], "indices": [15], "text_lens": [4]}, "timestamp": 1782494971844}
{"sessionId": "f9d51b", "hypothesisId": "H4", "location": "persistent_json_watch.py:_emit_change", "message": "emit", "data": {"action": "edited", "index": 15, "text_len": 4, "gap_ms_since_last_emit": 2655, "overwrite_same_line": false, "runId": "post-fix"}, "timestamp": 1782494971844}
{"sessionId": "f9d51b", "hypothesisId": "H2", "location": "persistent_json_watch.py:watch_loop", "message": "settle_done", "data": {"pre_settle_mtime": 1782494972.0023215, "post_settle_mtime": 1782494972.0023215, "settle_ms": 200}, "timestamp": 1782494972262}
{"sessionId": "f9d51b", "hypothesisId": "H1", "location": "persistent_json_watch.py:watch_loop", "message": "struct_hash_changed", "data": {"prev_hash": "726406c03db37c66", "new_hash": "a9f39502d0fc2391", "mtime": 1782494972.0023215, "event_count": 1, "actions": ["edited"], "indices": [15], "text_lens": [8]}, "timestamp": 1782494972287}
{"sessionId": "f9d51b", "hypothesisId": "H4", "location": "persistent_json_watch.py:_emit_change", "message": "emit", "data": {"action": "edited", "index": 15, "text_len": 8, "gap_ms_since_last_emit": 453, "overwrite_same_line": true, "runId": "post-fix"}, "timestamp": 1782494972287}
{"sessionId": "f9d51b", "hypothesisId": "H2", "location": "persistent_json_watch.py:watch_loop", "message": "settle_done", "data": {"pre_settle_mtime": 1782494973.8558595, "post_settle_mtime": 1782494973.8558595, "settle_ms": 200}, "timestamp": 1782494974125}
{"sessionId": "f9d51b", "hypothesisId": "H1", "location": "persistent_json_watch.py:watch_loop", "message": "struct_hash_changed", "data": {"prev_hash": "a9f39502d0fc2391", "new_hash": "9cbe4e179cda2c30", "mtime": 1782494973.8558595, "event_count": 1, "actions": ["edited"], "indices": [15], "text_lens": [5]}, "timestamp": 1782494974170}
{"sessionId": "f9d51b", "hypothesisId": "H4", "location": "persistent_json_watch.py:_emit_change", "message": "emit", "data": {"action": "edited", "index": 15, "text_len": 5, "gap_ms_since_last_emit": 1875, "overwrite_same_line": true, "runId": "post-fix"}, "timestamp": 1782494974170}
{"sessionId": "f9d51b", "hypothesisId": "H2", "location": "persistent_json_watch.py:watch_loop", "message": "settle_done", "data": {"pre_settle_mtime": 1782494974.2976985, "post_settle_mtime": 1782494974.2976985, "settle_ms": 200}, "timestamp": 1782494974578}
{"sessionId": "f9d51b", "hypothesisId": "H1", "location": "persistent_json_watch.py:watch_loop", "message": "struct_hash_changed", "data": {"prev_hash": "9cbe4e179cda2c30", "new_hash": "726406c03db37c66", "mtime": 1782494974.2976985, "event_count": 1, "actions": ["edited"], "indices": [15], "text_lens": [4]}, "timestamp": 1782494974603}
{"sessionId": "f9d51b", "hypothesisId": "H4", "location": "persistent_json_watch.py:_emit_change", "message": "emit", "data": {"action": "edited", "index": 15, "text_len": 4, "gap_ms_since_last_emit": 437, "overwrite_same_line": true, "runId": "post-fix"}, "timestamp": 1782494974603}
{"sessionId": "f9d51b", "hypothesisId": "H2", "location": "persistent_json_watch.py:watch_loop", "message": "settle_done", "data": {"pre_settle_mtime": 1782494977.3361342, "post_settle_mtime": 1782494977.3361342, "settle_ms": 200}, "timestamp": 1782494977572}
{"sessionId": "f9d51b", "hypothesisId": "H1", "location": "persistent_json_watch.py:watch_loop", "message": "struct_hash_changed", "data": {"prev_hash": "726406c03db37c66", "new_hash": "a8acce6ce2e78eab", "mtime": 1782494977.3361342, "event_count": 1, "actions": ["edited"], "indices": [15], "text_lens": [3]}, "timestamp": 1782494977598}
{"sessionId": "f9d51b", "hypothesisId": "H4", "location": "persistent_json_watch.py:_emit_change", "message": "emit", "data": {"action": "edited", "index": 15, "text_len": 3, "gap_ms_since_last_emit": 3000, "overwrite_same_line": true, "runId": "post-fix"}, "timestamp": 1782494977598}
{"sessionId": "f9d51b", "hypothesisId": "H2", "location": "persistent_json_watch.py:watch_loop", "message": "settle_done", "data": {"pre_settle_mtime": 1782494981.40706, "post_settle_mtime": 1782494981.40706, "settle_ms": 200}, "timestamp": 1782494981640}
{"sessionId": "f9d51b", "hypothesisId": "H1", "location": "persistent_json_watch.py:watch_loop", "message": "struct_hash_changed", "data": {"prev_hash": "a8acce6ce2e78eab", "new_hash": "4e1f5f069b6aea6f", "mtime": 1782494981.40706, "event_count": 1, "actions": ["edited"], "indices": [16], "text_lens": [7]}, "timestamp": 1782494981748}
{"sessionId": "f9d51b", "hypothesisId": "H4", "location": "persistent_json_watch.py:_emit_change", "message": "emit", "data": {"action": "edited", "index": 16, "text_len": 7, "gap_ms_since_last_emit": 4155, "overwrite_same_line": false, "runId": "post-fix"}, "timestamp": 1782494981756}
{"sessionId": "f9d51b", "hypothesisId": "H2", "location": "persistent_json_watch.py:watch_loop", "message": "settle_done", "data": {"pre_settle_mtime": 1782494982.0291173, "post_settle_mtime": 1782494982.0291173, "settle_ms": 200}, "timestamp": 1782494982292}
{"sessionId": "f9d51b", "hypothesisId": "H1", "location": "persistent_json_watch.py:watch_loop", "message": "struct_hash_changed", "data": {"prev_hash": "4e1f5f069b6aea6f", "new_hash": "02ed1d8cc6c009a6", "mtime": 1782494982.0291173, "event_count": 1, "actions": ["edited"], "indices": [16], "text_lens": [6]}, "timestamp": 1782494982320}
{"sessionId": "f9d51b", "hypothesisId": "H4", "location": "persistent_json_watch.py:_emit_change", "message": "emit", "data": {"action": "edited", "index": 16, "text_len": 6, "gap_ms_since_last_emit": 562, "overwrite_same_line": true, "runId": "post-fix"}, "timestamp": 1782494982322}
{"sessionId": "f9d51b", "hypothesisId": "H2", "location": "persistent_json_watch.py:watch_loop", "message": "settle_done", "data": {"pre_settle_mtime": 1782494984.5140316, "post_settle_mtime": 1782494984.5140316, "settle_ms": 200}, "timestamp": 1782494984807}
{"sessionId": "f9d51b", "hypothesisId": "H1", "location": "persistent_json_watch.py:watch_loop", "message": "struct_hash_changed", "data": {"prev_hash": "02ed1d8cc6c009a6", "new_hash": "b868cf9334e043a6", "mtime": 1782494984.5140316, "event_count": 1, "actions": ["edited"], "indices": [16], "text_lens": [4]}, "timestamp": 1782494984846}
{"sessionId": "f9d51b", "hypothesisId": "H4", "location": "persistent_json_watch.py:_emit_change", "message": "emit", "data": {"action": "edited", "index": 16, "text_len": 4, "gap_ms_since_last_emit": 2531, "overwrite_same_line": true, "runId": "post-fix"}, "timestamp": 1782494984847}
{"sessionId": "f9d51b", "hypothesisId": "H2", "location": "persistent_json_watch.py:watch_loop", "message": "settle_done", "data": {"pre_settle_mtime": 1782494993.9202118, "post_settle_mtime": 1782494993.9202118, "settle_ms": 200}, "timestamp": 1782494994160}
{"sessionId": "f9d51b", "hypothesisId": "H-DEL", "location": "persistent_json_watch.py:diff_cells", "message": "deletions", "data": {"count_delta": -1, "events": [["deleted", 13]]}, "timestamp": 1782494994264}
{"sessionId": "f9d51b", "hypothesisId": "H1", "location": "persistent_json_watch.py:watch_loop", "message": "struct_hash_changed", "data": {"prev_hash": "b868cf9334e043a6", "new_hash": "218abd70d3fe6fbe", "mtime": 1782494993.9202118, "event_count": 1, "actions": ["deleted"], "indices": [13], "text_lens": [0]}, "timestamp": 1782494994264}
{"sessionId": "f9d51b", "hypothesisId": "H4", "location": "persistent_json_watch.py:_emit_change", "message": "emit", "data": {"action": "deleted", "index": 13, "text_len": 0, "gap_ms_since_last_emit": 9405, "overwrite_same_line": false, "runId": "post-fix"}, "timestamp": 1782494994264}
{"sessionId": "f9d51b", "hypothesisId": "H2", "location": "persistent_json_watch.py:watch_loop", "message": "settle_done", "data": {"pre_settle_mtime": 1782494994.3699806, "post_settle_mtime": 1782494994.3699806, "settle_ms": 200}, "timestamp": 1782494994673}
{"sessionId": "f9d51b", "hypothesisId": "H-LBL", "location": "persistent_json_watch.py:diff_cells", "message": "skip_label_resync_edit", "data": {"index": 21}, "timestamp": 1782494994692}
{"sessionId": "f9d51b", "hypothesisId": "H1", "location": "persistent_json_watch.py:watch_loop", "message": "struct_hash_changed", "data": {"prev_hash": "218abd70d3fe6fbe", "new_hash": "9bbbde7b44293b77", "mtime": 1782494994.3699806, "event_count": 0, "actions": [], "indices": [], "text_lens": []}, "timestamp": 1782494994692}
{"sessionId": "f9d51b", "hypothesisId": "H2", "location": "persistent_json_watch.py:watch_loop", "message": "settle_done", "data": {"pre_settle_mtime": 1782494994.9041147, "post_settle_mtime": 1782494994.9041147, "settle_ms": 200}, "timestamp": 1782494995114}
{"sessionId": "f9d51b", "hypothesisId": "H-DEL", "location": "persistent_json_watch.py:diff_cells", "message": "deletions", "data": {"count_delta": -1, "events": [["deleted", 13]]}, "timestamp": 1782494995196}
{"sessionId": "f9d51b", "hypothesisId": "H1", "location": "persistent_json_watch.py:watch_loop", "message": "struct_hash_changed", "data": {"prev_hash": "9bbbde7b44293b77", "new_hash": "da7a69a12b7af313", "mtime": 1782494994.9041147, "event_count": 1, "actions": ["deleted"], "indices": [13], "text_lens": [0]}, "timestamp": 1782494995196}
{"sessionId": "f9d51b", "hypothesisId": "H4", "location": "persistent_json_watch.py:_emit_change", "message": "emit", "data": {"action": "deleted", "index": 13, "text_len": 0, "gap_ms_since_last_emit": 937, "overwrite_same_line": false, "runId": "post-fix"}, "timestamp": 1782494995196}
{"sessionId": "f9d51b", "hypothesisId": "H2", "location": "persistent_json_watch.py:watch_loop", "message": "settle_done", "data": {"pre_settle_mtime": 1782494995.680937, "post_settle_mtime": 1782494995.680937, "settle_ms": 200}, "timestamp": 1782494995907}
{"sessionId": "f9d51b", "hypothesisId": "H-DEL", "location": "persistent_json_watch.py:diff_cells", "message": "deletions", "data": {"count_delta": -1, "events": [["deleted", 13]]}, "timestamp": 1782494995994}
{"sessionId": "f9d51b", "hypothesisId": "H1", "location": "persistent_json_watch.py:watch_loop", "message": "struct_hash_changed", "data": {"prev_hash": "da7a69a12b7af313", "new_hash": "9c6e290909b0f64e", "mtime": 1782494995.680937, "event_count": 1, "actions": ["deleted"], "indices": [13], "text_lens": [0]}, "timestamp": 1782494995994}
{"sessionId": "f9d51b", "hypothesisId": "H4", "location": "persistent_json_watch.py:_emit_change", "message": "emit", "data": {"action": "deleted", "index": 13, "text_len": 0, "gap_ms_since_last_emit": 797, "overwrite_same_line": false, "runId": "post-fix"}, "timestamp": 1782494995994}
{"sessionId": "f9d51b", "hypothesisId": "H2", "location": "persistent_json_watch.py:watch_loop", "message": "settle_done", "data": {"pre_settle_mtime": 1782494996.1276667, "post_settle_mtime": 1782494996.1276667, "settle_ms": 200}, "timestamp": 1782494996409}
{"sessionId": "f9d51b", "hypothesisId": "H-DEL", "location": "persistent_json_watch.py:diff_cells", "message": "deletions", "data": {"count_delta": -1, "events": [["deleted", 13]]}, "timestamp": 1782494996480}
{"sessionId": "f9d51b", "hypothesisId": "H1", "location": "persistent_json_watch.py:watch_loop", "message": "struct_hash_changed", "data": {"prev_hash": "9c6e290909b0f64e", "new_hash": "69ea2c4fd4f65415", "mtime": 1782494996.1276667, "event_count": 1, "actions": ["deleted"], "indices": [13], "text_lens": [0]}, "timestamp": 1782494996480}
{"sessionId": "f9d51b", "hypothesisId": "H4", "location": "persistent_json_watch.py:_emit_change", "message": "emit", "data": {"action": "deleted", "index": 13, "text_len": 0, "gap_ms_since_last_emit": 483, "overwrite_same_line": false, "runId": "post-fix"}, "timestamp": 1782494996480}
{"sessionId": "f9d51b", "hypothesisId": "H2", "location": "persistent_json_watch.py:watch_loop", "message": "settle_done", "data": {"pre_settle_mtime": 1782494996.5611196, "post_settle_mtime": 1782494996.5611196, "settle_ms": 200}, "timestamp": 1782494996788}
{"sessionId": "f9d51b", "hypothesisId": "H-LBL", "location": "persistent_json_watch.py:diff_cells", "message": "skip_label_resync_edit", "data": {"index": 18}, "timestamp": 1782494996814}
{"sessionId": "f9d51b", "hypothesisId": "H1", "location": "persistent_json_watch.py:watch_loop", "message": "struct_hash_changed", "data": {"prev_hash": "69ea2c4fd4f65415", "new_hash": "9f23b597e1b5a45b", "mtime": 1782494996.5611196, "event_count": 0, "actions": [], "indices": [], "text_lens": []}, "timestamp": 1782494996814}
{"sessionId": "f9d51b", "hypothesisId": "H2", "location": "persistent_json_watch.py:watch_loop", "message": "settle_done", "data": {"pre_settle_mtime": 1782495005.1037538, "post_settle_mtime": 1782495005.1037538, "settle_ms": 200}, "timestamp": 1782495005343}
{"sessionId": "f9d51b", "hypothesisId": "H-INS", "location": "persistent_json_watch.py:diff_cells", "message": "insertions", "data": {"count_delta": 1, "events": [["inserted", 15]]}, "timestamp": 1782495005427}
{"sessionId": "f9d51b", "hypothesisId": "H1", "location": "persistent_json_watch.py:watch_loop", "message": "struct_hash_changed", "data": {"prev_hash": "9f23b597e1b5a45b", "new_hash": "a0ca414050f8e412", "mtime": 1782495005.1037538, "event_count": 1, "actions": ["inserted"], "indices": [15], "text_lens": [0]}, "timestamp": 1782495005427}
{"sessionId": "f9d51b", "hypothesisId": "H4", "location": "persistent_json_watch.py:_emit_change", "message": "emit", "data": {"action": "inserted", "index": 15, "text_len": 0, "gap_ms_since_last_emit": 8953, "overwrite_same_line": false, "runId": "post-fix"}, "timestamp": 1782495005427}
{"sessionId": "f9d51b", "hypothesisId": "H2", "location": "persistent_json_watch.py:watch_loop", "message": "settle_done", "data": {"pre_settle_mtime": 1782495005.757784, "post_settle_mtime": 1782495005.757784, "settle_ms": 200}, "timestamp": 1782495006039}
{"sessionId": "f9d51b", "hypothesisId": "H-INS", "location": "persistent_json_watch.py:diff_cells", "message": "insertions", "data": {"count_delta": 1, "events": [["inserted", 15]]}, "timestamp": 1782495006093}
{"sessionId": "f9d51b", "hypothesisId": "H1", "location": "persistent_json_watch.py:watch_loop", "message": "struct_hash_changed", "data": {"prev_hash": "a0ca414050f8e412", "new_hash": "181a81803db12370", "mtime": 1782495005.757784, "event_count": 1, "actions": ["inserted"], "indices": [15], "text_lens": [0]}, "timestamp": 1782495006093}
{"sessionId": "f9d51b", "hypothesisId": "H4", "location": "persistent_json_watch.py:_emit_change", "message": "emit", "data": {"action": "inserted", "index": 15, "text_len": 0, "gap_ms_since_last_emit": 655, "overwrite_same_line": false, "runId": "post-fix"}, "timestamp": 1782495006093}
{"sessionId": "f9d51b", "hypothesisId": "H2", "location": "persistent_json_watch.py:watch_loop", "message": "settle_done", "data": {"pre_settle_mtime": 1782495006.3345149, "post_settle_mtime": 1782495006.3345149, "settle_ms": 200}, "timestamp": 1782495006610}
{"sessionId": "f9d51b", "hypothesisId": "H-INS", "location": "persistent_json_watch.py:diff_cells", "message": "insertions", "data": {"count_delta": 1, "events": [["inserted", 15]]}, "timestamp": 1782495006676}
{"sessionId": "f9d51b", "hypothesisId": "H1", "location": "persistent_json_watch.py:watch_loop", "message": "struct_hash_changed", "data": {"prev_hash": "181a81803db12370", "new_hash": "3ce0885ee052f3bb", "mtime": 1782495006.3345149, "event_count": 1, "actions": ["inserted"], "indices": [15], "text_lens": [0]}, "timestamp": 1782495006676}
{"sessionId": "f9d51b", "hypothesisId": "H4", "location": "persistent_json_watch.py:_emit_change", "message": "emit", "data": {"action": "inserted", "index": 15, "text_len": 0, "gap_ms_since_last_emit": 594, "overwrite_same_line": false, "runId": "post-fix"}, "timestamp": 1782495006676}
{"sessionId": "f9d51b", "hypothesisId": "H2", "location": "persistent_json_watch.py:watch_loop", "message": "settle_done", "data": {"pre_settle_mtime": 1782495006.7808444, "post_settle_mtime": 1782495006.7808444, "settle_ms": 200}, "timestamp": 1782495007104}
{"sessionId": "f9d51b", "hypothesisId": "H-LBL", "location": "persistent_json_watch.py:diff_cells", "message": "skip_label_resync_edit", "data": {"index": 21}, "timestamp": 1782495007134}
{"sessionId": "f9d51b", "hypothesisId": "H1", "location": "persistent_json_watch.py:watch_loop", "message": "struct_hash_changed", "data": {"prev_hash": "3ce0885ee052f3bb", "new_hash": "fd4b2b8c0d8a070a", "mtime": 1782495006.7808444, "event_count": 0, "actions": [], "indices": [], "text_lens": []}, "timestamp": 1782495007134}
{"sessionId": "f9d51b", "hypothesisId": "H2", "location": "persistent_json_watch.py:watch_loop", "message": "settle_done", "data": {"pre_settle_mtime": 1782495007.1765974, "post_settle_mtime": 1782495007.1765974, "settle_ms": 200}, "timestamp": 1782495007444}
{"sessionId": "f9d51b", "hypothesisId": "H-INS", "location": "persistent_json_watch.py:diff_cells", "message": "insertions", "data": {"count_delta": 1, "events": [["inserted", 15]]}, "timestamp": 1782495007533}
{"sessionId": "f9d51b", "hypothesisId": "H1", "location": "persistent_json_watch.py:watch_loop", "message": "struct_hash_changed", "data": {"prev_hash": "fd4b2b8c0d8a070a", "new_hash": "ffcb1fc8f11f894d", "mtime": 1782495007.1765974, "event_count": 1, "actions": ["inserted"], "indices": [15], "text_lens": [0]}, "timestamp": 1782495007533}
{"sessionId": "f9d51b", "hypothesisId": "H4", "location": "persistent_json_watch.py:_emit_change", "message": "emit", "data": {"action": "inserted", "index": 15, "text_len": 0, "gap_ms_since_last_emit": 859, "overwrite_same_line": false, "runId": "post-fix"}, "timestamp": 1782495007533}
{"sessionId": "f9d51b", "hypothesisId": "H2", "location": "persistent_json_watch.py:watch_loop", "message": "settle_done", "data": {"pre_settle_mtime": 1782495029.4275625, "post_settle_mtime": 1782495029.4275625, "settle_ms": 200}, "timestamp": 1782495029639}
{"sessionId": "f9d51b", "hypothesisId": "H-INS", "location": "persistent_json_watch.py:diff_cells", "message": "insertions", "data": {"count_delta": 1, "events": [["inserted", 15]]}, "timestamp": 1782495029757}
{"sessionId": "f9d51b", "hypothesisId": "H1", "location": "persistent_json_watch.py:watch_loop", "message": "struct_hash_changed", "data": {"prev_hash": "ffcb1fc8f11f894d", "new_hash": "3f22161ba7be6038", "mtime": 1782495029.4275625, "event_count": 1, "actions": ["inserted"], "indices": [15], "text_lens": [0]}, "timestamp": 1782495029758}
{"sessionId": "f9d51b", "hypothesisId": "H4", "location": "persistent_json_watch.py:_emit_change", "message": "emit", "data": {"action": "inserted", "index": 15, "text_len": 0, "gap_ms_since_last_emit": 22217, "overwrite_same_line": false, "runId": "post-fix"}, "timestamp": 1782495029759}
{"sessionId": "f9d51b", "hypothesisId": "H2", "location": "persistent_json_watch.py:watch_loop", "message": "settle_done", "data": {"pre_settle_mtime": 1782495039.802096, "post_settle_mtime": 1782495039.802096, "settle_ms": 200}, "timestamp": 1782495040083}
{"sessionId": "f9d51b", "hypothesisId": "H-INS", "location": "persistent_json_watch.py:diff_cells", "message": "insertions", "data": {"count_delta": 1, "events": [["inserted", 15]]}, "timestamp": 1782495040214}
{"sessionId": "f9d51b", "hypothesisId": "H1", "location": "persistent_json_watch.py:watch_loop", "message": "struct_hash_changed", "data": {"prev_hash": "3f22161ba7be6038", "new_hash": "bad6728db6901232", "mtime": 1782495039.802096, "event_count": 1, "actions": ["inserted"], "indices": [15], "text_lens": [0]}, "timestamp": 1782495040215}
{"sessionId": "f9d51b", "hypothesisId": "H4", "location": "persistent_json_watch.py:_emit_change", "message": "emit", "data": {"action": "inserted", "index": 15, "text_len": 0, "gap_ms_since_last_emit": 10453, "overwrite_same_line": false, "runId": "post-fix"}, "timestamp": 1782495040216}
{"sessionId": "f9d51b", "hypothesisId": "H2", "location": "persistent_json_watch.py:watch_loop", "message": "settle_done", "data": {"pre_settle_mtime": 1782495040.3588438, "post_settle_mtime": 1782495040.3588438, "settle_ms": 200}, "timestamp": 1782495040636}
{"sessionId": "f9d51b", "hypothesisId": "H-LBL", "location": "persistent_json_watch.py:diff_cells", "message": "skip_label_resync_edit", "data": {"index": 24}, "timestamp": 1782495040668}
{"sessionId": "f9d51b", "hypothesisId": "H1", "location": "persistent_json_watch.py:watch_loop", "message": "struct_hash_changed", "data": {"prev_hash": "bad6728db6901232", "new_hash": "a2741e758219d124", "mtime": 1782495040.3588438, "event_count": 0, "actions": [], "indices": [], "text_lens": []}, "timestamp": 1782495040668}
{"sessionId": "f9d51b", "hypothesisId": "H2", "location": "persistent_json_watch.py:watch_loop", "message": "settle_done", "data": {"pre_settle_mtime": 1782495108.4228795, "post_settle_mtime": 1782495108.4228795, "settle_ms": 200}, "timestamp": 1782495108729}
{"sessionId": "f9d51b", "hypothesisId": "H-INS", "location": "persistent_json_watch.py:diff_cells", "message": "insertions", "data": {"count_delta": 1, "events": [["inserted", 15]]}, "timestamp": 1782495108800}
{"sessionId": "f9d51b", "hypothesisId": "H1", "location": "persistent_json_watch.py:watch_loop", "message": "struct_hash_changed", "data": {"prev_hash": "a2741e758219d124", "new_hash": "d06fbb4d968a5a64", "mtime": 1782495108.4228795, "event_count": 1, "actions": ["inserted"], "indices": [15], "text_lens": [0]}, "timestamp": 1782495108800}
{"sessionId": "f9d51b", "hypothesisId": "H4", "location": "persistent_json_watch.py:_emit_change", "message": "emit", "data": {"action": "inserted", "index": 15, "text_len": 0, "gap_ms_since_last_emit": null, "overwrite_same_line": false, "runId": "post-fix"}, "timestamp": 1782495108800}
{"sessionId": "f9d51b", "hypothesisId": "H2", "location": "persistent_json_watch.py:watch_loop", "message": "settle_done", "data": {"pre_settle_mtime": 1782495108.8722115, "post_settle_mtime": 1782495108.8722115, "settle_ms": 200}, "timestamp": 1782495109106}
{"sessionId": "f9d51b", "hypothesisId": "H-LBL", "location": "persistent_json_watch.py:diff_cells", "message": "skip_label_resync_edit", "data": {"index": 25}, "timestamp": 1782495109131}
{"sessionId": "f9d51b", "hypothesisId": "H1", "location": "persistent_json_watch.py:watch_loop", "message": "struct_hash_changed", "data": {"prev_hash": "d06fbb4d968a5a64", "new_hash": "091c84220172b8ee", "mtime": 1782495108.8722115, "event_count": 0, "actions": [], "indices": [], "text_lens": []}, "timestamp": 1782495109131}
{"sessionId": "f9d51b", "hypothesisId": "H2", "location": "persistent_json_watch.py:watch_loop", "message": "settle_done", "data": {"pre_settle_mtime": 1782495143.033132, "post_settle_mtime": 1782495143.033132, "settle_ms": 200}, "timestamp": 1782495143328}
{"sessionId": "f9d51b", "hypothesisId": "H-INS", "location": "persistent_json_watch.py:diff_cells", "message": "insertions", "data": {"count_delta": 1, "events": [["inserted", 2]]}, "timestamp": 1782495143465}
{"sessionId": "f9d51b", "hypothesisId": "H1", "location": "persistent_json_watch.py:watch_loop", "message": "struct_hash_changed", "data": {"prev_hash": "091c84220172b8ee", "new_hash": "8b01e1209c7558b6", "mtime": 1782495143.033132, "event_count": 1, "actions": ["inserted"], "indices": [2], "text_lens": [0]}, "timestamp": 1782495143465}
{"sessionId": "f9d51b", "hypothesisId": "H4", "location": "persistent_json_watch.py:_emit_change", "message": "emit", "data": {"action": "inserted", "index": 2, "text_len": 0, "gap_ms_since_last_emit": 34655, "overwrite_same_line": false, "runId": "post-fix"}, "timestamp": 1782495143465}
{"sessionId": "f9d51b", "hypothesisId": "H2", "location": "persistent_json_watch.py:watch_loop", "message": "settle_done", "data": {"pre_settle_mtime": 1782495143.5207658, "post_settle_mtime": 1782495143.5207658, "settle_ms": 200}, "timestamp": 1782495143778}
{"sessionId": "f9d51b", "hypothesisId": "H-LBL", "location": "persistent_json_watch.py:diff_cells", "message": "skip_label_resync_edit", "data": {"index": 26}, "timestamp": 1782495143845}
{"sessionId": "f9d51b", "hypothesisId": "H1", "location": "persistent_json_watch.py:watch_loop", "message": "struct_hash_changed", "data": {"prev_hash": "8b01e1209c7558b6", "new_hash": "2a171e020566ea15", "mtime": 1782495143.5207658, "event_count": 0, "actions": [], "indices": [], "text_lens": []}, "timestamp": 1782495143845}
{"sessionId": "f9d51b", "hypothesisId": "H2", "location": "persistent_json_watch.py:watch_loop", "message": "settle_done", "data": {"pre_settle_mtime": 1782495154.460747, "post_settle_mtime": 1782495154.460747, "settle_ms": 200}, "timestamp": 1782495154680}
{"sessionId": "f9d51b", "hypothesisId": "H-INS", "location": "persistent_json_watch.py:diff_cells", "message": "insertions", "data": {"count_delta": 1, "events": [["inserted", 31]]}, "timestamp": 1782495154794}
{"sessionId": "f9d51b", "hypothesisId": "H1", "location": "persistent_json_watch.py:watch_loop", "message": "struct_hash_changed", "data": {"prev_hash": "2a171e020566ea15", "new_hash": "55fc81d26b15b128", "mtime": 1782495154.460747, "event_count": 1, "actions": ["inserted"], "indices": [31], "text_lens": [0]}, "timestamp": 1782495154795}
{"sessionId": "f9d51b", "hypothesisId": "H4", "location": "persistent_json_watch.py:_emit_change", "message": "emit", "data": {"action": "inserted", "index": 31, "text_len": 0, "gap_ms_since_last_emit": 11328, "overwrite_same_line": false, "runId": "post-fix"}, "timestamp": 1782495154796}
{"sessionId": "f9d51b", "hypothesisId": "H2", "location": "persistent_json_watch.py:watch_loop", "message": "settle_done", "data": {"pre_settle_mtime": 1782495194.7189388, "post_settle_mtime": 1782495194.7189388, "settle_ms": 200}, "timestamp": 1782495194938}
{"sessionId": "f9d51b", "hypothesisId": "H-INS", "location": "persistent_json_watch.py:diff_cells", "message": "insertions", "data": {"count_delta": 1, "events": [["inserted", 16]]}, "timestamp": 1782495195080}
{"sessionId": "f9d51b", "hypothesisId": "H1", "location": "persistent_json_watch.py:watch_loop", "message": "struct_hash_changed", "data": {"prev_hash": "55fc81d26b15b128", "new_hash": "5f169f4b69fa212d", "mtime": 1782495194.7189388, "event_count": 1, "actions": ["inserted"], "indices": [16], "text_lens": [0]}, "timestamp": 1782495195081}
{"sessionId": "f9d51b", "hypothesisId": "H4", "location": "persistent_json_watch.py:_emit_change", "message": "emit", "data": {"action": "inserted", "index": 16, "text_len": 0, "gap_ms_since_last_emit": 40296, "overwrite_same_line": false, "runId": "post-fix"}, "timestamp": 1782495195081}
{"sessionId": "f9d51b", "hypothesisId": "H2", "location": "persistent_json_watch.py:watch_loop", "message": "settle_done", "data": {"pre_settle_mtime": 1782495195.3415532, "post_settle_mtime": 1782495195.3415532, "settle_ms": 200}, "timestamp": 1782495195602}
{"sessionId": "f9d51b", "hypothesisId": "H-LBL", "location": "persistent_json_watch.py:diff_cells", "message": "skip_label_resync_edit", "data": {"index": 27}, "timestamp": 1782495195641}
{"sessionId": "f9d51b", "hypothesisId": "H1", "location": "persistent_json_watch.py:watch_loop", "message": "struct_hash_changed", "data": {"prev_hash": "5f169f4b69fa212d", "new_hash": "0930ae9b07df9839", "mtime": 1782495195.3415532, "event_count": 0, "actions": [], "indices": [], "text_lens": []}, "timestamp": 1782495195641}
{"sessionId": "f9d51b", "hypothesisId": "H2", "location": "persistent_json_watch.py:watch_loop", "message": "settle_done", "data": {"pre_settle_mtime": 1782495603.5621333, "post_settle_mtime": 1782495603.5621333, "settle_ms": 200}, "timestamp": 1782495603877}
{"sessionId": "f9d51b", "hypothesisId": "H-DEL", "location": "persistent_json_watch.py:diff_cells", "message": "deletions", "data": {"count_delta": -1, "events": [["deleted", 16]]}, "timestamp": 1782495603970}
{"sessionId": "f9d51b", "hypothesisId": "H1", "location": "persistent_json_watch.py:watch_loop", "message": "struct_hash_changed", "data": {"prev_hash": "55fc81d26b15b128", "new_hash": "5a7f39ce196692ab", "mtime": 1782495603.5621333, "event_count": 1, "actions": ["deleted"], "indices": [16], "text_lens": [0]}, "timestamp": 1782495603970}
{"sessionId": "f9d51b", "hypothesisId": "H4", "location": "persistent_json_watch.py:_emit_change", "message": "emit", "data": {"action": "deleted", "index": 16, "text_len": 0, "gap_ms_since_last_emit": null, "overwrite_same_line": false, "runId": "post-fix"}, "timestamp": 1782495603970}
{"sessionId": "f9d51b", "hypothesisId": "H2", "location": "persistent_json_watch.py:watch_loop", "message": "settle_done", "data": {"pre_settle_mtime": 1782496020.4485703, "post_settle_mtime": 1782496020.4485703, "settle_ms": 200}, "timestamp": 1782496020751}
{"sessionId": "f9d51b", "hypothesisId": "H-DEL", "location": "persistent_json_watch.py:diff_cells", "message": "deletions", "data": {"count_delta": -1, "events": [["deleted", 16]]}, "timestamp": 1782496020845}
{"sessionId": "f9d51b", "hypothesisId": "H1", "location": "persistent_json_watch.py:watch_loop", "message": "struct_hash_changed", "data": {"prev_hash": "5a7f39ce196692ab", "new_hash": "d3aca42cc126bd00", "mtime": 1782496020.4485703, "event_count": 1, "actions": ["deleted"], "indices": [16], "text_lens": [0]}, "timestamp": 1782496020845}
{"sessionId": "f9d51b", "hypothesisId": "H4", "location": "persistent_json_watch.py:_emit_change", "message": "emit", "data": {"action": "deleted", "index": 16, "text_len": 0, "gap_ms_since_last_emit": null, "overwrite_same_line": false, "runId": "post-fix"}, "timestamp": 1782496020845}
{"sessionId": "f9d51b", "hypothesisId": "H2", "location": "persistent_json_watch.py:watch_loop", "message": "settle_done", "data": {"pre_settle_mtime": 1782496025.8317466, "post_settle_mtime": 1782496025.8317466, "settle_ms": 200}, "timestamp": 1782496026124}
{"sessionId": "f9d51b", "hypothesisId": "H-INS", "location": "persistent_json_watch.py:diff_cells", "message": "insertions", "data": {"count_delta": 1, "events": [["inserted", 16]]}, "timestamp": 1782496026222}
{"sessionId": "f9d51b", "hypothesisId": "H1", "location": "persistent_json_watch.py:watch_loop", "message": "struct_hash_changed", "data": {"prev_hash": "d3aca42cc126bd00", "new_hash": "d99997d79517b580", "mtime": 1782496025.8317466, "event_count": 1, "actions": ["inserted"], "indices": [16], "text_lens": [0]}, "timestamp": 1782496026223}
{"sessionId": "f9d51b", "hypothesisId": "H4", "location": "persistent_json_watch.py:_emit_change", "message": "emit", "data": {"action": "inserted", "index": 16, "text_len": 0, "gap_ms_since_last_emit": 5391, "overwrite_same_line": false, "runId": "post-fix"}, "timestamp": 1782496026223}
{"sessionId": "f9d51b", "hypothesisId": "H2", "location": "persistent_json_watch.py:watch_loop", "message": "settle_done", "data": {"pre_settle_mtime": 1782496026.2765539, "post_settle_mtime": 1782496026.2765539, "settle_ms": 200}, "timestamp": 1782496026537}
{"sessionId": "f9d51b", "hypothesisId": "H-LBL", "location": "persistent_json_watch.py:diff_cells", "message": "skip_label_resync_edit", "data": {"index": 25}, "timestamp": 1782496026594}
{"sessionId": "f9d51b", "hypothesisId": "H1", "location": "persistent_json_watch.py:watch_loop", "message": "struct_hash_changed", "data": {"prev_hash": "d99997d79517b580", "new_hash": "5a7f39ce196692ab", "mtime": 1782496026.2765539, "event_count": 0, "actions": [], "indices": [], "text_lens": []}, "timestamp": 1782496026594}
{"sessionId": "f9d51b", "hypothesisId": "H2", "location": "persistent_json_watch.py:watch_loop", "message": "settle_done", "data": {"pre_settle_mtime": 1782496028.9400065, "post_settle_mtime": 1782496028.9400065, "settle_ms": 200}, "timestamp": 1782496029229}
{"sessionId": "f9d51b", "hypothesisId": "H1", "location": "persistent_json_watch.py:watch_loop", "message": "struct_hash_changed", "data": {"prev_hash": "5a7f39ce196692ab", "new_hash": "8a19fb11da2f661f", "mtime": 1782496028.9400065, "event_count": 1, "actions": ["edited"], "indices": [19], "text_lens": [6]}, "timestamp": 1782496029268}
{"sessionId": "f9d51b", "hypothesisId": "H4", "location": "persistent_json_watch.py:_emit_change", "message": "emit", "data": {"action": "edited", "index": 19, "text_len": 6, "gap_ms_since_last_emit": 3046, "overwrite_same_line": false, "runId": "post-fix"}, "timestamp": 1782496029268}
{"sessionId": "f9d51b", "hypothesisId": "H2", "location": "persistent_json_watch.py:watch_loop", "message": "settle_done", "data": {"pre_settle_mtime": 1782496029.3787348, "post_settle_mtime": 1782496029.3787348, "settle_ms": 200}, "timestamp": 1782496029682}
{"sessionId": "f9d51b", "hypothesisId": "H1", "location": "persistent_json_watch.py:watch_loop", "message": "struct_hash_changed", "data": {"prev_hash": "8a19fb11da2f661f", "new_hash": "2dfb31b0073cfd5e", "mtime": 1782496029.3787348, "event_count": 1, "actions": ["edited"], "indices": [19], "text_lens": [11]}, "timestamp": 1782496029689}
{"sessionId": "f9d51b", "hypothesisId": "H4", "location": "persistent_json_watch.py:_emit_change", "message": "emit", "data": {"action": "edited", "index": 19, "text_len": 11, "gap_ms_since_last_emit": 421, "overwrite_same_line": true, "runId": "post-fix"}, "timestamp": 1782496029689}
{"sessionId": "f9d51b", "hypothesisId": "H2", "location": "persistent_json_watch.py:watch_loop", "message": "settle_done", "data": {"pre_settle_mtime": 1782496030.4565876, "post_settle_mtime": 1782496030.4565876, "settle_ms": 200}, "timestamp": 1782496030713}
{"sessionId": "f9d51b", "hypothesisId": "H1", "location": "persistent_json_watch.py:watch_loop", "message": "struct_hash_changed", "data": {"prev_hash": "2dfb31b0073cfd5e", "new_hash": "b096a46347cb4e84", "mtime": 1782496030.4565876, "event_count": 1, "actions": ["edited"], "indices": [18], "text_lens": [11]}, "timestamp": 1782496030802}
{"sessionId": "f9d51b", "hypothesisId": "H4", "location": "persistent_json_watch.py:_emit_change", "message": "emit", "data": {"action": "edited", "index": 18, "text_len": 11, "gap_ms_since_last_emit": 1109, "overwrite_same_line": false, "runId": "post-fix"}, "timestamp": 1782496030802}
{"sessionId": "f9d51b", "hypothesisId": "H2", "location": "persistent_json_watch.py:watch_loop", "message": "settle_done", "data": {"pre_settle_mtime": 1782496030.9971251, "post_settle_mtime": 1782496030.9971251, "settle_ms": 200}, "timestamp": 1782496031224}
{"sessionId": "f9d51b", "hypothesisId": "H1", "location": "persistent_json_watch.py:watch_loop", "message": "struct_hash_changed", "data": {"prev_hash": "b096a46347cb4e84", "new_hash": "526c74bb33566826", "mtime": 1782496030.9971251, "event_count": 1, "actions": ["edited"], "indices": [18], "text_lens": [14]}, "timestamp": 1782496031262}
{"sessionId": "f9d51b", "hypothesisId": "H4", "location": "persistent_json_watch.py:_emit_change", "message": "emit", "data": {"action": "edited", "index": 18, "text_len": 14, "gap_ms_since_last_emit": 452, "overwrite_same_line": true, "runId": "post-fix"}, "timestamp": 1782496031262}
{"sessionId": "f9d51b", "hypothesisId": "H2", "location": "persistent_json_watch.py:watch_loop", "message": "settle_done", "data": {"pre_settle_mtime": 1782496032.7726147, "post_settle_mtime": 1782496032.7726147, "settle_ms": 200}, "timestamp": 1782496032994}
{"sessionId": "f9d51b", "hypothesisId": "H-INS", "location": "persistent_json_watch.py:diff_cells", "message": "insertions", "data": {"count_delta": 1, "events": [["inserted", 19]]}, "timestamp": 1782496033160}
{"sessionId": "f9d51b", "hypothesisId": "H1", "location": "persistent_json_watch.py:watch_loop", "message": "struct_hash_changed", "data": {"prev_hash": "526c74bb33566826", "new_hash": "81ca97c73efb785f", "mtime": 1782496032.7726147, "event_count": 1, "actions": ["inserted"], "indices": [19], "text_lens": [0]}, "timestamp": 1782496033160}
{"sessionId": "f9d51b", "hypothesisId": "H4", "location": "persistent_json_watch.py:_emit_change", "message": "emit", "data": {"action": "inserted", "index": 19, "text_len": 0, "gap_ms_since_last_emit": 1907, "overwrite_same_line": false, "runId": "post-fix"}, "timestamp": 1782496033160}
{"sessionId": "f9d51b", "hypothesisId": "H2", "location": "persistent_json_watch.py:watch_loop", "message": "settle_done", "data": {"pre_settle_mtime": 1782496042.787166, "post_settle_mtime": 1782496042.787166, "settle_ms": 200}, "timestamp": 1782496043006}
{"sessionId": "f9d51b", "hypothesisId": "H1", "location": "persistent_json_watch.py:watch_loop", "message": "struct_hash_changed", "data": {"prev_hash": "81ca97c73efb785f", "new_hash": "b003a9b5fcc15d83", "mtime": 1782496042.787166, "event_count": 1, "actions": ["edited"], "indices": [16], "text_lens": [3]}, "timestamp": 1782496043047}
{"sessionId": "f9d51b", "hypothesisId": "H4", "location": "persistent_json_watch.py:_emit_change", "message": "emit", "data": {"action": "edited", "index": 16, "text_len": 3, "gap_ms_since_last_emit": 9875, "overwrite_same_line": false, "runId": "post-fix"}, "timestamp": 1782496043047}
{"sessionId": "f9d51b", "hypothesisId": "H2", "location": "persistent_json_watch.py:watch_loop", "message": "settle_done", "data": {"pre_settle_mtime": 1782496043.1730678, "post_settle_mtime": 1782496043.1730678, "settle_ms": 200}, "timestamp": 1782496043455}
{"sessionId": "f9d51b", "hypothesisId": "H1", "location": "persistent_json_watch.py:watch_loop", "message": "struct_hash_changed", "data": {"prev_hash": "b003a9b5fcc15d83", "new_hash": "2c28c86f6ceebf9e", "mtime": 1782496043.1730678, "event_count": 1, "actions": ["edited"], "indices": [16], "text_lens": [13]}, "timestamp": 1782496043488}
{"sessionId": "f9d51b", "hypothesisId": "H4", "location": "persistent_json_watch.py:_emit_change", "message": "emit", "data": {"action": "edited", "index": 16, "text_len": 13, "gap_ms_since_last_emit": 453, "overwrite_same_line": true, "runId": "post-fix"}, "timestamp": 1782496043488}
{"sessionId": "f9d51b", "hypothesisId": "H2", "location": "persistent_json_watch.py:watch_loop", "message": "settle_done", "data": {"pre_settle_mtime": 1782496045.4514291, "post_settle_mtime": 1782496045.4514291, "settle_ms": 200}, "timestamp": 1782496045721}
{"sessionId": "f9d51b", "hypothesisId": "H1", "location": "persistent_json_watch.py:watch_loop", "message": "struct_hash_changed", "data": {"prev_hash": "2c28c86f6ceebf9e", "new_hash": "fe1139acb895bd54", "mtime": 1782496045.4514291, "event_count": 1, "actions": ["edited"], "indices": [17], "text_lens": [12]}, "timestamp": 1782496045745}
{"sessionId": "f9d51b", "hypothesisId": "H4", "location": "persistent_json_watch.py:_emit_change", "message": "emit", "data": {"action": "edited", "index": 17, "text_len": 12, "gap_ms_since_last_emit": 2250, "overwrite_same_line": false, "runId": "post-fix"}, "timestamp": 1782496045745}
{"sessionId": "f9d51b", "hypothesisId": "H2", "location": "persistent_json_watch.py:watch_loop", "message": "settle_done", "data": {"pre_settle_mtime": 1782496045.961003, "post_settle_mtime": 1782496045.961003, "settle_ms": 200}, "timestamp": 1782496046272}
{"sessionId": "f9d51b", "hypothesisId": "H1", "location": "persistent_json_watch.py:watch_loop", "message": "struct_hash_changed", "data": {"prev_hash": "fe1139acb895bd54", "new_hash": "c05184a3f9f89b1a", "mtime": 1782496045.961003, "event_count": 1, "actions": ["edited"], "indices": [17], "text_lens": [18]}, "timestamp": 1782496046286}
{"sessionId": "f9d51b", "hypothesisId": "H4", "location": "persistent_json_watch.py:_emit_change", "message": "emit", "data": {"action": "edited", "index": 17, "text_len": 18, "gap_ms_since_last_emit": 546, "overwrite_same_line": true, "runId": "post-fix"}, "timestamp": 1782496046289}
{"sessionId": "f9d51b", "hypothesisId": "H2", "location": "persistent_json_watch.py:watch_loop", "message": "settle_done", "data": {"pre_settle_mtime": 1782496049.7622046, "post_settle_mtime": 1782496049.7622046, "settle_ms": 200}, "timestamp": 1782496050048}
{"sessionId": "f9d51b", "hypothesisId": "H-INS", "location": "persistent_json_watch.py:diff_cells", "message": "insertions", "data": {"count_delta": 1, "events": [["inserted", 18]]}, "timestamp": 1782496050135}
{"sessionId": "f9d51b", "hypothesisId": "H1", "location": "persistent_json_watch.py:watch_loop", "message": "struct_hash_changed", "data": {"prev_hash": "c05184a3f9f89b1a", "new_hash": "c238efc34ac48e1c", "mtime": 1782496049.7622046, "event_count": 1, "actions": ["inserted"], "indices": [18], "text_lens": [0]}, "timestamp": 1782496050135}
{"sessionId": "f9d51b", "hypothesisId": "H4", "location": "persistent_json_watch.py:_emit_change", "message": "emit", "data": {"action": "inserted", "index": 18, "text_len": 0, "gap_ms_since_last_emit": 3842, "overwrite_same_line": false, "runId": "post-fix"}, "timestamp": 1782496050151}
{"sessionId": "f9d51b", "hypothesisId": "H2", "location": "persistent_json_watch.py:watch_loop", "message": "settle_done", "data": {"pre_settle_mtime": 1782496050.1797104, "post_settle_mtime": 1782496050.1797104, "settle_ms": 200}, "timestamp": 1782496050456}
{"sessionId": "f9d51b", "hypothesisId": "H-LBL", "location": "persistent_json_watch.py:diff_cells", "message": "skip_label_resync_edit", "data": {"index": 27}, "timestamp": 1782496050499}
{"sessionId": "f9d51b", "hypothesisId": "H1", "location": "persistent_json_watch.py:watch_loop", "message": "struct_hash_changed", "data": {"prev_hash": "c238efc34ac48e1c", "new_hash": "971109e9889e90c2", "mtime": 1782496050.1797104, "event_count": 0, "actions": [], "indices": [], "text_lens": []}, "timestamp": 1782496050499}
{"sessionId": "f9d51b", "hypothesisId": "H-DEL", "location": "persistent_json_watch.py:diff_cells", "message": "deletions", "data": {"count_delta": -1, "events": [["deleted", 1]]}, "timestamp": 1782496364491}
{"sessionId": "f9d51b", "hypothesisId": "H-INS", "location": "persistent_json_watch.py:diff_cells", "message": "insertions", "data": {"count_delta": 1, "events": [["inserted", 1]]}, "timestamp": 1782496364491}
{"sessionId": "f9d51b", "hypothesisId": "H-DEL", "location": "persistent_json_watch.py:diff_cells", "message": "deletions", "data": {"count_delta": -1, "events": [["deleted", 16]]}, "timestamp": 1782496364491}
{"sessionId": "f9d51b", "hypothesisId": "H-DEL", "location": "persistent_json_watch.py:diff_cells", "message": "deletions", "data": {"count_delta": -1, "events": [["deleted", 15]]}, "timestamp": 1782496381931}
{"sessionId": "f9d51b", "hypothesisId": "H-INS", "location": "persistent_json_watch.py:diff_cells", "message": "insertions", "data": {"count_delta": 1, "events": [["inserted", 15]]}, "timestamp": 1782496381931}
{"sessionId": "f9d51b", "hypothesisId": "H-DEL", "location": "persistent_json_watch.py:diff_cells", "message": "deletions", "data": {"count_delta": -1, "events": [["deleted", 15]]}, "timestamp": 1782496403911}
{"sessionId": "f9d51b", "hypothesisId": "H-INS", "location": "persistent_json_watch.py:diff_cells", "message": "insertions", "data": {"count_delta": 1, "events": [["inserted", 15]]}, "timestamp": 1782496403911}
{"sessionId": "f9d51b", "hypothesisId": "H-DEL", "location": "persistent_json_watch.py:diff_cells", "message": "deletions", "data": {"count_delta": -1, "events": [["deleted", 15]]}, "timestamp": 1782496403911}
