[2026-03-18T19:03:09.755750+00:00] native_host_started
[2026-03-19T12:26:27.180970+00:00] ============================================================
[2026-03-19T12:26:27.180970+00:00] normal-chrome native host started
[2026-03-19T12:26:27.187609+00:00] Log file: D:\FYP\normal-chrome\database\native_host.log
[2026-03-19T12:26:27.189121+00:00] Watching: ALL open tabs (any http/https site)
[2026-03-19T12:26:27.189224+00:00] ============================================================
[2026-03-19T14:21:03.206384+00:00] ============================================================
[2026-03-19T14:21:03.207603+00:00] normal-chrome native host started
[2026-03-19T14:21:03.208137+00:00] Log file: D:\FYP\normal-chrome\database\native_host.log
[2026-03-19T14:21:03.208137+00:00] Watching: ALL open tabs (any http/https site)
[2026-03-19T14:21:03.208137+00:00] ============================================================
[2026-03-19T14:22:04.883124+00:00] Interrupted by user
[2026-03-19T14:24:41.605411+00:00] ============================================================
[2026-03-19T14:24:41.605411+00:00] normal-chrome native host started
[2026-03-19T14:24:41.606605+00:00] Log file: D:\FYP\normal-chrome\database\native_host.log
[2026-03-19T14:24:41.607182+00:00] Watching: ALL open tabs (any http/https site)
[2026-03-19T14:24:41.607182+00:00] ============================================================
[2026-03-19T14:25:36.871512+00:00] Interrupted by user
[2026-03-19T14:25:54.792802+00:00] ============================================================
[2026-03-19T14:25:54.792802+00:00] normal-chrome native host started
[2026-03-19T14:25:54.793804+00:00] Log file: D:\FYP\normal-chrome\database\native_host.log
[2026-03-19T14:25:54.794805+00:00] Watching: ALL open tabs (any http/https site)
[2026-03-19T14:25:54.794805+00:00] ============================================================
[2026-03-19T14:27:10.068119+00:00] Interrupted by user
[2026-03-19T14:35:45.288989+00:00] ============================================================
[2026-03-19T14:35:45.288989+00:00] normal-chrome native host started
[2026-03-19T14:35:45.291161+00:00] Log file: D:\FYP\normal-chrome\database\native_host.log
[2026-03-19T14:35:45.291678+00:00] Watching: ALL open tabs (any http/https site)
[2026-03-19T14:35:45.291678+00:00] ============================================================
[2026-03-19T14:36:46.173250+00:00] Interrupted by user
[2026-03-19T14:37:01.116951+00:00] ============================================================
[2026-03-19T14:37:01.116951+00:00] normal-chrome native host started
[2026-03-19T14:37:01.116951+00:00] Log file: D:\FYP\normal-chrome\database\native_host.log
[2026-03-19T14:37:01.126234+00:00] Watching: ALL open tabs (any http/https site)
[2026-03-19T14:37:01.126234+00:00] ============================================================
[2026-03-19T14:37:50.749918+00:00] Interrupted by user
[2026-03-19T14:38:32.665577+00:00] ============================================================
[2026-03-19T14:38:32.669105+00:00] normal-chrome native host started
[2026-03-19T14:38:32.669105+00:00] Log file: D:\FYP\normal-chrome\database\native_host.log
[2026-03-19T14:38:32.669105+00:00] Watching: ALL open tabs (any http/https site)
[2026-03-19T14:38:32.669105+00:00] ============================================================
[2026-03-19T14:40:20.698457+00:00] Interrupted by user
[2026-03-19T14:40:27.298037+00:00] ============================================================
[2026-03-19T14:40:27.298037+00:00] normal-chrome native host started
[2026-03-19T14:40:27.298037+00:00] Log file: D:\FYP\normal-chrome\database\native_host.log
[2026-03-19T14:40:27.304873+00:00] Watching: ALL open tabs (any http/https site)
[2026-03-19T14:40:27.304873+00:00] ============================================================
[2026-03-19T14:40:41.110877+00:00] Interrupted by user
[2026-03-19T14:55:37.268608+00:00] ============================================================
[2026-03-19T14:55:37.268608+00:00] normal-chrome native host started
[2026-03-19T14:55:37.268608+00:00] Log file: D:\FYP\normal-chrome\database\native_host.log
[2026-03-19T14:55:37.278039+00:00] Watching: ALL open tabs (any http/https site)
[2026-03-19T14:55:37.278711+00:00] ============================================================
[2026-03-19T14:56:15.992129+00:00] Interrupted by user
[2026-03-19T14:57:21.048209+00:00] ============================================================
[2026-03-19T14:57:21.055956+00:00] normal-chrome native host started
[2026-03-19T14:57:21.057053+00:00] Log file: D:\FYP\normal-chrome\database\native_host.log
[2026-03-19T14:57:21.058657+00:00] Watching: ALL open tabs (any http/https site)
[2026-03-19T14:57:21.059237+00:00] ============================================================
[2026-03-19T14:59:06.112675+00:00] Interrupted by user
[2026-03-19T15:02:36.714354+00:00] ============================================================
[2026-03-19T15:02:36.715635+00:00] normal-chrome native host started
[2026-03-19T15:02:36.715635+00:00] Log file: D:\FYP\normal-chrome\database\native_host.log
[2026-03-19T15:02:36.715635+00:00] Watching: ALL open tabs (any http/https site)
[2026-03-19T15:02:36.715635+00:00] ============================================================
[2026-03-19T15:02:52.662791+00:00] Interrupted by user
[2026-03-19T15:04:36.286149+00:00] ============================================================
[2026-03-19T15:04:36.286149+00:00] normal-chrome native host started
[2026-03-19T15:04:36.286149+00:00] Log file: D:\FYP\normal-chrome\database\native_host.log
[2026-03-19T15:04:36.294398+00:00] Watching: ALL open tabs (any http/https site)
[2026-03-19T15:04:36.294398+00:00] ============================================================
[2026-03-19T15:05:24.355710+00:00] Interrupted by user
[2026-03-19T15:05:45.002135+00:00] ============================================================
[2026-03-19T15:05:45.002135+00:00] normal-chrome native host started
[2026-03-19T15:05:45.002135+00:00] Log file: D:\FYP\normal-chrome\database\native_host.log
[2026-03-19T15:05:45.002135+00:00] Watching: ALL open tabs (any http/https site)
[2026-03-19T15:05:45.002135+00:00] ============================================================
[2026-03-19T15:11:53.698895+00:00] Interrupted by user
[2026-03-19T15:12:22.590928+00:00] ============================================================
[2026-03-19T15:12:22.591953+00:00] normal-chrome native host started
[2026-03-19T15:12:22.591953+00:00] Log file: D:\FYP\normal-chrome\database\native_host.log
[2026-03-19T15:12:22.591953+00:00] Watching: ALL open tabs (any http/https site)
[2026-03-19T15:12:22.591953+00:00] ============================================================
[2026-03-19T15:13:10.898145+00:00] Interrupted by user
[2026-03-19T15:18:43.408891+00:00] ============================================================
[2026-03-19T15:18:43.413096+00:00] normal-chrome native host started
[2026-03-19T15:18:43.413613+00:00] Log file: D:\FYP\normal-chrome\database\native_host.log
[2026-03-19T15:18:43.414678+00:00] Watching: ALL open tabs (any http/https site)
[2026-03-19T15:18:43.415199+00:00] ============================================================
[2026-03-19T15:19:48.747900+00:00] Interrupted by user
[2026-03-19T15:19:50.825582+00:00] ============================================================
[2026-03-19T15:19:50.826580+00:00] normal-chrome native host started
[2026-03-19T15:19:50.827639+00:00] Log file: D:\FYP\normal-chrome\database\native_host.log
[2026-03-19T15:19:50.827639+00:00] Watching: ALL open tabs (any http/https site)
[2026-03-19T15:19:50.827639+00:00] ============================================================
[2026-03-19T15:20:54.187915+00:00] Interrupted by user
[2026-03-19T15:23:17.690884+00:00] ============================================================
[2026-03-19T15:23:17.698009+00:00] normal-chrome native host started
[2026-03-19T15:23:17.698527+00:00] Log file: D:\FYP\normal-chrome\database\native_host.log
[2026-03-19T15:23:17.700061+00:00] Watching: ALL open tabs (any http/https site)
[2026-03-19T15:23:17.700061+00:00] ============================================================
[2026-03-19T15:24:14.425600+00:00] Interrupted by user
[2026-03-19T15:25:27.498536+00:00] ============================================================
[2026-03-19T15:25:27.498536+00:00] normal-chrome native host started
[2026-03-19T15:25:27.503569+00:00] Log file: D:\FYP\normal-chrome\database\native_host.log
[2026-03-19T15:25:27.503569+00:00] Watching: ALL open tabs (any http/https site)
[2026-03-19T15:25:27.503569+00:00] ============================================================
[2026-03-19T15:25:53.330338+00:00] Interrupted by user
[2026-03-19T15:25:55.137429+00:00] ============================================================
[2026-03-19T15:25:55.138074+00:00] normal-chrome native host started
[2026-03-19T15:25:55.139098+00:00] Log file: D:\FYP\normal-chrome\database\native_host.log
[2026-03-19T15:25:55.140412+00:00] Watching: ALL open tabs (any http/https site)
[2026-03-19T15:25:55.140957+00:00] ============================================================
[2026-03-19T15:26:11.709285+00:00] Interrupted by user
[2026-03-19T15:28:07.087921+00:00] ============================================================
[2026-03-19T15:28:07.088776+00:00] normal-chrome native host started
[2026-03-19T15:28:07.088776+00:00] Log file: D:\FYP\normal-chrome\database\native_host.log
[2026-03-19T15:28:07.090809+00:00] Watching: ALL open tabs (any http/https site)
[2026-03-19T15:28:07.091289+00:00] ============================================================
[2026-03-19T15:28:40.614975+00:00] Interrupted by user
