\BOOKMARK [0][-]{chapter.1}{\376\377\000I\000n\000t\000r\000o\000d\000u\000c\000t\000i\000o\000n\000\040\000a\000n\000d\000\040\000M\000o\000t\000i\000v\000a\000t\000i\000o\000n}{}% 1
\BOOKMARK [1][-]{section.1.1}{\376\377\000P\000r\000o\000b\000l\000e\000m\000\040\000S\000t\000a\000t\000e\000m\000e\000n\000t\000\040\000a\000n\000d\000\040\000C\000o\000n\000t\000r\000i\000b\000u\000t\000i\000o\000n}{chapter.1}% 2
\BOOKMARK [2][-]{subsection.1.1.1}{\376\377\000A\000i\000m\000s}{section.1.1}% 3
\BOOKMARK [2][-]{subsection.1.1.2}{\376\377\000R\000e\000s\000e\000a\000r\000c\000h\000\040\000O\000b\000j\000e\000c\000t\000i\000v\000e\000s}{section.1.1}% 4
\BOOKMARK [2][-]{subsection.1.1.3}{\376\377\000O\000r\000i\000g\000i\000n\000a\000l\000\040\000C\000o\000n\000t\000r\000i\000b\000u\000t\000i\000o\000n\000s}{section.1.1}% 5
\BOOKMARK [2][-]{subsection.1.1.4}{\376\377\000L\000i\000m\000i\000t\000a\000t\000i\000o\000n\000s}{section.1.1}% 6
\BOOKMARK [1][-]{section.1.2}{\376\377\000B\000a\000c\000k\000g\000r\000o\000u\000n\000d\000\040\000a\000n\000d\000\040\000C\000o\000n\000t\000e\000x\000t}{chapter.1}% 7
\BOOKMARK [2][-]{subsection.1.2.1}{\376\377\000C\000o\000m\000p\000u\000t\000a\000t\000i\000o\000n\000a\000l\000\040\000n\000o\000t\000e\000b\000o\000o\000k\000s\000\040\000i\000n\000\040\000d\000a\000t\000a\000\040\000s\000c\000i\000e\000n\000c\000e\000\040\000e\000d\000u\000c\000a\000t\000i\000o\000n}{section.1.2}% 8
\BOOKMARK [2][-]{subsection.1.2.2}{\376\377\000T\000h\000e\000\040\000a\000s\000s\000i\000s\000t\000a\000n\000c\000e\000\040\000g\000a\000p\000\040\000o\000n\000\040\000c\000l\000o\000s\000e\000d\000\040\000w\000e\000b\000\040\000e\000d\000i\000t\000o\000r\000s}{section.1.2}% 9
\BOOKMARK [2][-]{subsection.1.2.3}{\376\377\000R\000o\000l\000e\000\040\000o\000f\000\040\000l\000a\000r\000g\000e\000\040\000l\000a\000n\000g\000u\000a\000g\000e\000\040\000m\000o\000d\000e\000l\000s}{section.1.2}% 10
\BOOKMARK [1][-]{section.1.3}{\376\377\000P\000r\000o\000j\000e\000c\000t\000\040\000S\000c\000o\000p\000e\000\040\000a\000n\000d\000\040\000D\000e\000l\000i\000m\000i\000t\000a\000t\000i\000o\000n\000s}{chapter.1}% 11
\BOOKMARK [1][-]{section.1.4}{\376\377\000S\000t\000a\000k\000e\000h\000o\000l\000d\000e\000r\000s\000\040\000a\000n\000d\000\040\000U\000s\000e\000\040\000C\000a\000s\000e\000s}{chapter.1}% 12
\BOOKMARK [2][-]{subsection.1.4.1}{\376\377\000D\000a\000t\000a\000\040\000s\000c\000i\000e\000n\000c\000e\000\040\000s\000t\000u\000d\000e\000n\000t\000s}{section.1.4}% 13
\BOOKMARK [2][-]{subsection.1.4.2}{\376\377\000C\000o\000m\000p\000e\000t\000i\000t\000i\000o\000n\000\040\000p\000a\000r\000t\000i\000c\000i\000p\000a\000n\000t\000s}{section.1.4}% 14
\BOOKMARK [2][-]{subsection.1.4.3}{\376\377\000S\000y\000s\000t\000e\000m\000\040\000m\000a\000i\000n\000t\000a\000i\000n\000e\000r\000s\000\040\000a\000n\000d\000\040\000r\000e\000s\000e\000a\000r\000c\000h\000e\000r\000s}{section.1.4}% 15
\BOOKMARK [1][-]{section.1.5}{\376\377\000T\000h\000e\000s\000i\000s\000\040\000O\000r\000g\000a\000n\000i\000s\000a\000t\000i\000o\000n}{chapter.1}% 16
\BOOKMARK [0][-]{chapter.2}{\376\377\000L\000i\000t\000e\000r\000a\000t\000u\000r\000e\000\040\000R\000e\000v\000i\000e\000w}{}% 17
\BOOKMARK [1][-]{section.2.1}{\376\377\000C\000o\000m\000p\000u\000t\000a\000t\000i\000o\000n\000a\000l\000\040\000N\000o\000t\000e\000b\000o\000o\000k\000s\000\040\000a\000n\000d\000\040\000D\000a\000t\000a\000\040\000S\000c\000i\000e\000n\000c\000e\000\040\000W\000o\000r\000k\000f\000l\000o\000w\000s}{chapter.2}% 18
\BOOKMARK [1][-]{section.2.2}{\376\377\000L\000a\000r\000g\000e\000\040\000L\000a\000n\000g\000u\000a\000g\000e\000\040\000M\000o\000d\000e\000l\000s\000\040\000f\000o\000r\000\040\000C\000o\000d\000e\000\040\000a\000n\000d\000\040\000D\000a\000t\000a\000\040\000S\000c\000i\000e\000n\000c\000e}{chapter.2}% 19
\BOOKMARK [1][-]{section.2.3}{\376\377\000R\000e\000t\000r\000i\000e\000v\000a\000l\000-\000A\000u\000g\000m\000e\000n\000t\000e\000d\000\040\000a\000n\000d\000\040\000C\000o\000n\000t\000e\000x\000t\000-\000G\000r\000o\000u\000n\000d\000e\000d\000\040\000G\000e\000n\000e\000r\000a\000t\000i\000o\000n}{chapter.2}% 20
\BOOKMARK [1][-]{section.2.4}{\376\377\000A\000g\000e\000n\000t\000i\000c\000\040\000L\000L\000M\000s\000\040\000a\000n\000d\000\040\000T\000o\000o\000l\000\040\000U\000s\000e}{chapter.2}% 21
\BOOKMARK [1][-]{section.2.5}{\376\377\000W\000e\000b\000-\000B\000a\000s\000e\000d\000\040\000N\000o\000t\000e\000b\000o\000o\000k\000\040\000E\000n\000v\000i\000r\000o\000n\000m\000e\000n\000t\000s\000\040\000a\000n\000d\000\040\000I\000n\000t\000e\000g\000r\000a\000t\000i\000o\000n\000\040\000C\000h\000a\000l\000l\000e\000n\000g\000e\000s}{chapter.2}% 22
\BOOKMARK [1][-]{section.2.6}{\376\377\000R\000e\000s\000e\000a\000r\000c\000h\000\040\000G\000a\000p\000\040\000a\000n\000d\000\040\000P\000o\000s\000i\000t\000i\000o\000n\000i\000n\000g}{chapter.2}% 23
\BOOKMARK [1][-]{section.2.7}{\376\377\000E\000v\000a\000l\000u\000a\000t\000i\000o\000n\000\040\000M\000e\000t\000h\000o\000d\000o\000l\000o\000g\000i\000e\000s\000\040\000f\000o\000r\000\040\000L\000L\000M\000\040\000A\000s\000s\000i\000s\000t\000a\000n\000t\000s}{chapter.2}% 24
\BOOKMARK [1][-]{section.2.8}{\376\377\000E\000t\000h\000i\000c\000a\000l\000\040\000a\000n\000d\000\040\000P\000e\000d\000a\000g\000o\000g\000i\000c\000a\000l\000\040\000C\000o\000n\000s\000i\000d\000e\000r\000a\000t\000i\000o\000n\000s}{chapter.2}% 25
\BOOKMARK [1][-]{section.2.9}{\376\377\000S\000y\000n\000t\000h\000e\000s\000i\000s\000:\000\040\000D\000e\000s\000i\000g\000n\000\040\000P\000r\000i\000n\000c\000i\000p\000l\000e\000s\000\040\000f\000o\000r\000\040\000N\000o\000t\000e\000b\000o\000o\000k\000\040\000A\000g\000e\000n\000t\000s}{chapter.2}% 26
\BOOKMARK [1][-]{section.2.10}{\376\377\000C\000h\000r\000o\000n\000o\000l\000o\000g\000i\000c\000a\000l\000\040\000L\000a\000n\000d\000s\000c\000a\000p\000e}{chapter.2}% 27
\BOOKMARK [0][-]{chapter.3}{\376\377\000M\000e\000t\000h\000o\000d\000o\000l\000o\000g\000y}{}% 28
\BOOKMARK [1][-]{section.3.1}{\376\377\000R\000e\000s\000e\000a\000r\000c\000h\000\040\000D\000e\000s\000i\000g\000n\000\040\000a\000n\000d\000\040\000D\000e\000v\000e\000l\000o\000p\000m\000e\000n\000t\000\040\000A\000p\000p\000r\000o\000a\000c\000h}{chapter.3}% 29
\BOOKMARK [1][-]{section.3.2}{\376\377\000S\000y\000s\000t\000e\000m\000\040\000A\000r\000c\000h\000i\000t\000e\000c\000t\000u\000r\000e\000\040\000O\000v\000e\000r\000v\000i\000e\000w}{chapter.3}% 30
\BOOKMARK [1][-]{section.3.3}{\376\377\000C\000h\000r\000o\000m\000e\000\040\000E\000x\000t\000e\000n\000s\000i\000o\000n}{chapter.3}% 31
\BOOKMARK [1][-]{section.3.4}{\376\377\000N\000a\000t\000i\000v\000e\000\040\000M\000e\000s\000s\000a\000g\000i\000n\000g\000\040\000B\000r\000i\000d\000g\000e}{chapter.3}% 32
\BOOKMARK [1][-]{section.3.5}{\376\377\000P\000y\000t\000h\000o\000n\000\040\000N\000a\000t\000i\000v\000e\000\040\000H\000o\000s\000t}{chapter.3}% 33
\BOOKMARK [2][-]{subsection.3.5.1}{\376\377\000P\000r\000o\000m\000p\000t\000\040\000a\000s\000s\000e\000m\000b\000l\000y\000\040\000a\000n\000d\000\040\000c\000h\000a\000t\000\040\000m\000o\000d\000e\000s}{section.3.5}% 34
\BOOKMARK [2][-]{subsection.3.5.2}{\376\377\000T\000o\000o\000l\000\040\000r\000e\000g\000i\000s\000t\000r\000y\000\040\000a\000n\000d\000\040\000a\000g\000e\000n\000t\000i\000c\000\040\000e\000x\000e\000c\000u\000t\000i\000o\000n\000\040\000c\000o\000n\000t\000r\000a\000c\000t}{section.3.5}% 35
\BOOKMARK [1][-]{section.3.6}{\376\377\000L\000L\000M\000\040\000I\000n\000t\000e\000g\000r\000a\000t\000i\000o\000n\000:\000\040\000G\000L\000M\000\040\0004\000.\0007\000\040\000v\000i\000a\000\040\000C\000e\000r\000e\000b\000r\000a\000s}{chapter.3}% 36
\BOOKMARK [1][-]{section.3.7}{\376\377\000N\000o\000t\000e\000b\000o\000o\000k\000\040\000J\000S\000O\000N\000\040\000P\000e\000r\000s\000i\000s\000t\000e\000n\000c\000e}{chapter.3}% 37
\BOOKMARK [1][-]{section.3.8}{\376\377\000E\000v\000a\000l\000u\000a\000t\000i\000o\000n\000\040\000D\000e\000s\000i\000g\000n}{chapter.3}% 38
\BOOKMARK [2][-]{subsection.3.8.1}{\376\377\000B\000e\000n\000c\000h\000m\000a\000r\000k\000\040\000s\000u\000i\000t\000e\000s}{section.3.8}% 39
\BOOKMARK [2][-]{subsection.3.8.2}{\376\377\000N\000o\000t\000e\000b\000o\000o\000k\000s\000\040\000a\000n\000d\000\040\000h\000a\000r\000n\000e\000s\000s}{section.3.8}% 40
\BOOKMARK [2][-]{subsection.3.8.3}{\376\377\000L\000i\000m\000i\000t\000a\000t\000i\000o\000n\000s\000\040\000o\000f\000\040\000t\000h\000e\000\040\000e\000v\000a\000l\000u\000a\000t\000i\000o\000n\000\040\000p\000r\000o\000t\000o\000c\000o\000l}{section.3.8}% 41
\BOOKMARK [1][-]{section.3.9}{\376\377\000I\000n\000t\000e\000r\000a\000c\000t\000i\000o\000n\000\040\000M\000o\000d\000e\000\040\000S\000p\000e\000c\000i\000f\000i\000c\000a\000t\000i\000o\000n\000s}{chapter.3}% 42
\BOOKMARK [2][-]{subsection.3.9.1}{\376\377\000A\000s\000k\000\040\000m\000o\000d\000e}{section.3.9}% 43
\BOOKMARK [2][-]{subsection.3.9.2}{\376\377\000C\000o\000d\000e\000\040\000m\000o\000d\000e}{section.3.9}% 44
\BOOKMARK [2][-]{subsection.3.9.3}{\376\377\000A\000g\000e\000n\000t\000i\000c\000\040\000m\000o\000d\000e}{section.3.9}% 45
\BOOKMARK [1][-]{section.3.10}{\376\377\000M\000e\000s\000s\000a\000g\000e\000\040\000P\000r\000o\000t\000o\000c\000o\000l\000\040\000a\000n\000d\000\040\000S\000e\000s\000s\000i\000o\000n\000\040\000L\000i\000f\000e\000c\000y\000c\000l\000e}{chapter.3}% 46
\BOOKMARK [1][-]{section.3.11}{\376\377\000I\000m\000p\000l\000e\000m\000e\000n\000t\000a\000t\000i\000o\000n\000\040\000P\000h\000a\000s\000e\000s}{chapter.3}% 47
\BOOKMARK [1][-]{section.3.12}{\376\377\000R\000e\000g\000i\000s\000t\000e\000r\000e\000d\000\040\000T\000o\000o\000l\000s}{chapter.3}% 48
\BOOKMARK [2][-]{subsection.3.12.1}{\376\377\000D\000e\000t\000a\000i\000l\000e\000d\000\040\000b\000e\000n\000c\000h\000m\000a\000r\000k\000\040\000s\000c\000e\000n\000a\000r\000i\000o\000s}{section.3.12}% 49
\BOOKMARK [1][-]{section.3.13}{\376\377\000D\000a\000t\000a\000\040\000F\000l\000o\000w\000\040\000f\000o\000r\000\040\000a\000\040\000S\000i\000n\000g\000l\000e\000\040\000U\000s\000e\000r\000\040\000T\000u\000r\000n}{chapter.3}% 50
\BOOKMARK [2][-]{subsection.3.13.1}{\376\377\000S\000n\000a\000p\000s\000h\000o\000t\000\040\000s\000c\000h\000e\000m\000a}{section.3.13}% 51
\BOOKMARK [2][-]{subsection.3.13.2}{\376\377\000T\000o\000k\000e\000n\000\040\000b\000u\000d\000g\000e\000t\000i\000n\000g}{section.3.13}% 52
\BOOKMARK [1][-]{section.3.14}{\376\377\000S\000e\000c\000u\000r\000i\000t\000y\000\040\000a\000n\000d\000\040\000T\000r\000u\000s\000t\000\040\000M\000o\000d\000e\000l}{chapter.3}% 53
\BOOKMARK [1][-]{section.3.15}{\376\377\000T\000e\000s\000t\000i\000n\000g\000\040\000a\000n\000d\000\040\000Q\000u\000a\000l\000i\000t\000y\000\040\000A\000s\000s\000u\000r\000a\000n\000c\000e}{chapter.3}% 54
\BOOKMARK [0][-]{chapter.4}{\376\377\000R\000e\000s\000u\000l\000t\000s}{}% 55
\BOOKMARK [1][-]{section.4.1}{\376\377\000E\000x\000p\000e\000r\000i\000m\000e\000n\000t\000a\000l\000\040\000S\000e\000t\000u\000p}{chapter.4}% 56
\BOOKMARK [1][-]{section.4.2}{\376\377\000A\000g\000e\000n\000t\000i\000c\000\040\000M\000o\000d\000e\000\040\000R\000e\000s\000u\000l\000t\000s}{chapter.4}% 57
\BOOKMARK [1][-]{section.4.3}{\376\377\000A\000s\000k\000\040\000M\000o\000d\000e\000\040\000R\000e\000s\000u\000l\000t\000s}{chapter.4}% 58
\BOOKMARK [1][-]{section.4.4}{\376\377\000C\000o\000d\000e\000\040\000M\000o\000d\000e\000\040\000R\000e\000s\000u\000l\000t\000s}{chapter.4}% 59
\BOOKMARK [1][-]{section.4.5}{\376\377\000C\000r\000o\000s\000s\000-\000M\000o\000d\000e\000\040\000S\000u\000m\000m\000a\000r\000y}{chapter.4}% 60
\BOOKMARK [1][-]{section.4.6}{\376\377\000E\000v\000a\000l\000u\000a\000t\000i\000o\000n\000\040\000M\000e\000t\000r\000i\000c\000s\000\040\000a\000n\000d\000\040\000S\000c\000o\000r\000i\000n\000g\000\040\000R\000u\000b\000r\000i\000c\000s}{chapter.4}% 61
\BOOKMARK [2][-]{subsection.4.6.1}{\376\377\000A\000s\000k\000\040\000m\000o\000d\000e\000\040\000s\000c\000o\000r\000i\000n\000g}{section.4.6}% 62
\BOOKMARK [2][-]{subsection.4.6.2}{\376\377\000C\000o\000d\000e\000\040\000m\000o\000d\000e\000\040\000s\000c\000o\000r\000i\000n\000g}{section.4.6}% 63
\BOOKMARK [2][-]{subsection.4.6.3}{\376\377\000A\000g\000e\000n\000t\000i\000c\000\040\000d\000i\000s\000p\000a\000t\000c\000h\000\040\000s\000c\000o\000r\000i\000n\000g}{section.4.6}% 64
\BOOKMARK [1][-]{section.4.7}{\376\377\000A\000g\000e\000n\000t\000i\000c\000\040\000M\000o\000d\000e\000:\000\040\000D\000e\000t\000a\000i\000l\000e\000d\000\040\000A\000n\000a\000l\000y\000s\000i\000s}{chapter.4}% 65
\BOOKMARK [2][-]{subsection.4.7.1}{\376\377\000T\000e\000s\000t\000\040\0001\000\040\040\024\000\040\000C\000o\000m\000p\000l\000e\000t\000e\000\040\000M\000L\000\040\000P\000i\000p\000e\000l\000i\000n\000e}{section.4.7}% 66
\BOOKMARK [2][-]{subsection.4.7.2}{\376\377\000T\000e\000s\000t\000s\000\040\000n\000o\000t\000\040\000r\000e\000p\000o\000r\000t\000e\000d\000\040\000a\000s\000\040\000p\000r\000i\000m\000a\000r\000y\000\040\000e\000v\000i\000d\000e\000n\000c\000e}{section.4.7}% 67
\BOOKMARK [1][-]{section.4.8}{\376\377\000A\000s\000k\000\040\000M\000o\000d\000e\000:\000\040\000P\000e\000r\000-\000T\000e\000s\000t\000\040\000N\000a\000r\000r\000a\000t\000i\000v\000e\000s}{chapter.4}% 68
\BOOKMARK [2][-]{subsection.4.8.1}{\376\377\000T\000e\000s\000t\000\040\0001\000\040\040\024\000\040\000E\000x\000p\000l\000a\000i\000n\000\040\000n\000o\000t\000e\000b\000o\000o\000k\000\040\000w\000o\000r\000k\000f\000l\000o\000w}{section.4.8}% 69
\BOOKMARK [2][-]{subsection.4.8.2}{\376\377\000T\000e\000s\000t\000\040\0002\000\040\040\024\000\040\000E\000x\000p\000l\000a\000i\000n\000\040\000c\000e\000l\000l\000\040\0001\0007}{section.4.8}% 70
\BOOKMARK [2][-]{subsection.4.8.3}{\376\377\000T\000e\000s\000t\000\040\0003\000\040\040\024\000\040\000D\000e\000b\000u\000g\000\040\000e\000r\000r\000o\000r\000\040\000i\000n\000\040\000c\000e\000l\000l\000\040\0003\0001}{section.4.8}% 71
\BOOKMARK [1][-]{section.4.9}{\376\377\000C\000o\000d\000e\000\040\000M\000o\000d\000e\000:\000\040\000P\000e\000r\000-\000T\000e\000s\000t\000\040\000N\000a\000r\000r\000a\000t\000i\000v\000e\000s}{chapter.4}% 72
\BOOKMARK [2][-]{subsection.4.9.1}{\376\377\000T\000e\000s\000t\000\040\0001\000\040\040\024\000\040\000X\000G\000B\000o\000o\000s\000t\000\040\000p\000i\000p\000e\000l\000i\000n\000e\000\040\000g\000e\000n\000e\000r\000a\000t\000i\000o\000n}{section.4.9}% 73
\BOOKMARK [2][-]{subsection.4.9.2}{\376\377\000T\000e\000s\000t\000\040\0002\000\040\040\024\000\040\000C\000e\000l\000l\000\040\0002\0001\000\040\000r\000e\000p\000l\000a\000c\000e\000m\000e\000n\000t}{section.4.9}% 74
\BOOKMARK [2][-]{subsection.4.9.3}{\376\377\000T\000e\000s\000t\000\040\0003\000\040\040\024\000\040\000F\000e\000a\000t\000u\000r\000e\000-\000e\000n\000g\000i\000n\000e\000e\000r\000i\000n\000g\000\040\000m\000o\000d\000u\000l\000e}{section.4.9}% 75
\BOOKMARK [2][-]{subsection.4.9.4}{\376\377\000T\000e\000s\000t\000\040\0004\000\040\040\024\000\040\000E\000m\000p\000t\000y\000\040\000c\000e\000l\000l\000\040\000w\000o\000r\000k\000f\000l\000o\000w}{section.4.9}% 76
\BOOKMARK [1][-]{section.4.10}{\376\377\000C\000o\000d\000e\000\040\000M\000o\000d\000e\000\040\000L\000i\000m\000i\000t\000a\000t\000i\000o\000n}{chapter.4}% 77
\BOOKMARK [1][-]{section.4.11}{\376\377\000T\000i\000m\000i\000n\000g\000\040\000a\000n\000d\000\040\000R\000e\000s\000o\000u\000r\000c\000e\000\040\000P\000r\000o\000f\000i\000l\000e}{chapter.4}% 78
\BOOKMARK [1][-]{section.4.12}{\376\377\000Q\000u\000a\000l\000i\000t\000a\000t\000i\000v\000e\000\040\000O\000b\000s\000e\000r\000v\000a\000t\000i\000o\000n\000s}{chapter.4}% 79
\BOOKMARK [1][-]{section.4.13}{\376\377\000C\000o\000m\000p\000a\000r\000a\000t\000i\000v\000e\000\040\000R\000e\000s\000u\000l\000t\000s\000\040\000M\000a\000t\000r\000i\000x}{chapter.4}% 80
\BOOKMARK [1][-]{section.4.14}{\376\377\000I\000m\000p\000l\000i\000c\000a\000t\000i\000o\000n\000s\000\040\000f\000o\000r\000\040\000S\000y\000s\000t\000e\000m\000\040\000D\000e\000s\000i\000g\000n}{chapter.4}% 81
\BOOKMARK [0][-]{chapter.5}{\376\377\000D\000i\000s\000c\000u\000s\000s\000i\000o\000n}{}% 82
\BOOKMARK [1][-]{section.5.1}{\376\377\000A\000g\000e\000n\000t\000i\000c\000\040\000T\000o\000o\000l\000\040\000D\000i\000s\000p\000a\000t\000c\000h}{chapter.5}% 83
\BOOKMARK [1][-]{section.5.2}{\376\377\000A\000s\000k\000\040\000M\000o\000d\000e\000:\000\040\000E\000x\000p\000l\000a\000n\000a\000t\000i\000o\000n\000\040\000W\000i\000t\000h\000o\000u\000t\000\040\000S\000i\000d\000e\000\040\000E\000f\000f\000e\000c\000t\000s}{chapter.5}% 84
\BOOKMARK [1][-]{section.5.3}{\376\377\000C\000o\000d\000e\000\040\000M\000o\000d\000e\000:\000\040\000I\000m\000p\000l\000e\000m\000e\000n\000t\000a\000t\000i\000o\000n\000\040\000G\000u\000i\000d\000a\000n\000c\000e}{chapter.5}% 85
\BOOKMARK [1][-]{section.5.4}{\376\377\000M\000o\000d\000e\000\040\000S\000e\000l\000e\000c\000t\000i\000o\000n\000\040\000I\000m\000p\000l\000i\000c\000a\000t\000i\000o\000n\000s}{chapter.5}% 86
\BOOKMARK [1][-]{section.5.5}{\376\377\000T\000h\000r\000e\000a\000t\000s\000\040\000t\000o\000\040\000V\000a\000l\000i\000d\000i\000t\000y}{chapter.5}% 87
\BOOKMARK [1][-]{section.5.6}{\376\377\000C\000o\000m\000p\000a\000r\000i\000s\000o\000n\000\040\000w\000i\000t\000h\000\040\000P\000r\000i\000o\000r\000\040\000N\000o\000t\000e\000b\000o\000o\000k\000\040\000A\000s\000s\000i\000s\000t\000a\000n\000t\000s}{chapter.5}% 88
\BOOKMARK [1][-]{section.5.7}{\376\377\000E\000d\000u\000c\000a\000t\000i\000o\000n\000a\000l\000\040\000I\000m\000p\000l\000i\000c\000a\000t\000i\000o\000n\000s\000\040\000f\000o\000r\000\040\000B\000S\000D\000S}{chapter.5}% 89
\BOOKMARK [1][-]{section.5.8}{\376\377\000A\000r\000c\000h\000i\000t\000e\000c\000t\000u\000r\000a\000l\000\040\000T\000r\000a\000d\000e\000-\000o\000f\000f\000s}{chapter.5}% 90
\BOOKMARK [1][-]{section.5.9}{\376\377\000C\000o\000n\000t\000e\000x\000t\000\040\000P\000a\000c\000k\000i\000n\000g\000\040\000a\000s\000\040\000a\000\040\000C\000r\000o\000s\000s\000-\000M\000o\000d\000e\000\040\000B\000o\000t\000t\000l\000e\000n\000e\000c\000k}{chapter.5}% 91
\BOOKMARK [1][-]{section.5.10}{\376\377\000R\000e\000l\000i\000a\000b\000i\000l\000i\000t\000y\000\040\000a\000n\000d\000\040\000S\000a\000f\000e\000t\000y\000\040\000P\000o\000s\000t\000u\000r\000e}{chapter.5}% 92
\BOOKMARK [0][-]{chapter.6}{\376\377\000C\000o\000n\000c\000l\000u\000s\000i\000o\000n}{}% 93
\BOOKMARK [1][-]{section.6.1}{\376\377\000S\000u\000m\000m\000a\000r\000y\000\040\000o\000f\000\040\000F\000i\000n\000d\000i\000n\000g\000s}{chapter.6}% 94
\BOOKMARK [1][-]{section.6.2}{\376\377\000R\000e\000s\000e\000a\000r\000c\000h\000\040\000O\000b\000j\000e\000c\000t\000i\000v\000e\000s\000\040\000R\000e\000v\000i\000s\000i\000t\000e\000d}{chapter.6}% 95
\BOOKMARK [1][-]{section.6.3}{\376\377\000C\000o\000n\000t\000r\000i\000b\000u\000t\000i\000o\000n\000s}{chapter.6}% 96
\BOOKMARK [1][-]{section.6.4}{\376\377\000F\000u\000t\000u\000r\000e\000\040\000W\000o\000r\000k}{chapter.6}% 97
\BOOKMARK [1][-]{section.6.5}{\376\377\000L\000e\000s\000s\000o\000n\000s\000\040\000L\000e\000a\000r\000n\000e\000d}{chapter.6}% 98
\BOOKMARK [1][-]{section.6.6}{\376\377\000A\000l\000i\000g\000n\000m\000e\000n\000t\000\040\000w\000i\000t\000h\000\040\000R\000e\000s\000e\000a\000r\000c\000h\000\040\000O\000b\000j\000e\000c\000t\000i\000v\000e\000s}{chapter.6}% 99
\BOOKMARK [0][-]{chapter.7}{\376\377\000R\000e\000c\000o\000m\000m\000e\000n\000d\000a\000t\000i\000o\000n\000s}{}% 100
\BOOKMARK [1][-]{section.7.1}{\376\377\000R\000e\000c\000o\000m\000m\000e\000n\000d\000a\000t\000i\000o\000n\000s\000\040\000f\000o\000r\000\040\000P\000r\000a\000c\000t\000i\000t\000i\000o\000n\000e\000r\000s}{chapter.7}% 101
\BOOKMARK [1][-]{section.7.2}{\376\377\000R\000e\000c\000o\000m\000m\000e\000n\000d\000a\000t\000i\000o\000n\000s\000\040\000f\000o\000r\000\040\000S\000y\000s\000t\000e\000m\000\040\000I\000m\000p\000r\000o\000v\000e\000m\000e\000n\000t}{chapter.7}% 102
\BOOKMARK [1][-]{section.7.3}{\376\377\000R\000e\000c\000o\000m\000m\000e\000n\000d\000a\000t\000i\000o\000n\000s\000\040\000f\000o\000r\000\040\000F\000u\000t\000u\000r\000e\000\040\000R\000e\000s\000e\000a\000r\000c\000h}{chapter.7}% 103
\BOOKMARK [1][-]{section.7.4}{\376\377\000D\000e\000p\000l\000o\000y\000m\000e\000n\000t\000\040\000a\000n\000d\000\040\000M\000a\000i\000n\000t\000e\000n\000a\000n\000c\000e\000\040\000C\000h\000e\000c\000k\000l\000i\000s\000t}{chapter.7}% 104
\BOOKMARK [1][-]{section.7.5}{\376\377\000R\000i\000s\000k\000\040\000M\000i\000t\000i\000g\000a\000t\000i\000o\000n\000\040\000f\000o\000r\000\040\000C\000l\000a\000s\000s\000r\000o\000o\000m\000\040\000U\000s\000e}{chapter.7}% 105
\BOOKMARK [1][-]{section.7.6}{\376\377\000T\000e\000c\000h\000n\000o\000l\000o\000g\000y\000\040\000R\000o\000a\000d\000m\000a\000p}{chapter.7}% 106
\BOOKMARK [1][-]{section.7.7}{\376\377\000S\000u\000m\000m\000a\000r\000y\000\040\000T\000a\000b\000l\000e\000\040\000o\000f\000\040\000R\000e\000c\000o\000m\000m\000e\000n\000d\000a\000t\000i\000o\000n\000s}{chapter.7}% 107
\BOOKMARK [0][-]{appendix.A}{\376\377\000B\000e\000n\000c\000h\000m\000a\000r\000k\000\040\000S\000p\000e\000c\000i\000f\000i\000c\000a\000t\000i\000o\000n\000s\000\040\000a\000n\000d\000\040\000R\000e\000p\000r\000o\000d\000u\000c\000i\000b\000i\000l\000i\000t\000y}{}% 108
\BOOKMARK [1][-]{section.A.1}{\376\377\000H\000a\000r\000n\000e\000s\000s\000\040\000A\000r\000c\000h\000i\000t\000e\000c\000t\000u\000r\000e}{appendix.A}% 109
\BOOKMARK [1][-]{section.A.2}{\376\377\000N\000o\000t\000e\000b\000o\000o\000k\000\040\000S\000n\000a\000p\000s\000h\000o\000t\000s}{appendix.A}% 110
\BOOKMARK [1][-]{section.A.3}{\376\377\000M\000e\000t\000r\000i\000c\000\040\000D\000e\000f\000i\000n\000i\000t\000i\000o\000n\000s}{appendix.A}% 111
\BOOKMARK [2][-]{subsection.A.3.1}{\376\377\000A\000s\000k\000\040\000m\000o\000d\000e\000\040\000m\000e\000t\000r\000i\000c\000s}{section.A.3}% 112
\BOOKMARK [2][-]{subsection.A.3.2}{\376\377\000C\000o\000d\000e\000\040\000m\000o\000d\000e\000\040\000m\000e\000t\000r\000i\000c\000s}{section.A.3}% 113
\BOOKMARK [2][-]{subsection.A.3.3}{\376\377\000A\000g\000e\000n\000t\000i\000c\000\040\000m\000o\000d\000e\000\040\000m\000e\000t\000r\000i\000c\000s}{section.A.3}% 114
\BOOKMARK [1][-]{section.A.4}{\376\377\000A\000s\000k\000\040\000M\000o\000d\000e\000\040\000B\000e\000n\000c\000h\000m\000a\000r\000k\000\040\000P\000r\000o\000m\000p\000t\000s}{appendix.A}% 115
\BOOKMARK [1][-]{section.A.5}{\376\377\000C\000o\000d\000e\000\040\000M\000o\000d\000e\000\040\000B\000e\000n\000c\000h\000m\000a\000r\000k\000\040\000P\000r\000o\000m\000p\000t\000s}{appendix.A}% 116
\BOOKMARK [1][-]{section.A.6}{\376\377\000A\000g\000e\000n\000t\000i\000c\000\040\000M\000o\000d\000e\000\040\000B\000e\000n\000c\000h\000m\000a\000r\000k\000\040\000P\000r\000o\000m\000p\000t}{appendix.A}% 117
\BOOKMARK [1][-]{section.A.7}{\376\377\000R\000e\000g\000i\000s\000t\000e\000r\000e\000d\000\040\000T\000o\000o\000l\000\040\000S\000c\000h\000e\000m\000a\000s}{appendix.A}% 118
\BOOKMARK [1][-]{section.A.8}{\376\377\000H\000o\000s\000t\000\040\000C\000o\000n\000f\000i\000g\000u\000r\000a\000t\000i\000o\000n\000\040\000F\000l\000a\000g\000s}{appendix.A}% 119
\BOOKMARK [1][-]{section.A.9}{\376\377\000R\000e\000p\000r\000o\000d\000u\000c\000t\000i\000o\000n\000\040\000C\000o\000m\000m\000a\000n\000d\000s}{appendix.A}% 120
\BOOKMARK [1][-]{section.A.10}{\376\377\000P\000r\000i\000m\000a\000r\000y\000\040\000A\000g\000e\000n\000t\000i\000c\000\040\000T\000r\000a\000c\000e\000\040\000S\000u\000m\000m\000a\000r\000y}{appendix.A}% 121
\BOOKMARK [1][-]{section.A.11}{\376\377\000E\000x\000t\000e\000n\000s\000i\000o\000n\000\040\000S\000o\000u\000r\000c\000e\000\040\000M\000o\000d\000u\000l\000e\000s}{appendix.A}% 122
\BOOKMARK [1][-]{section.A.12}{\376\377\000H\000o\000s\000t\000\040\000P\000y\000t\000h\000o\000n\000\040\000M\000o\000d\000u\000l\000e\000s}{appendix.A}% 123
\BOOKMARK [1][-]{section.A.13}{\376\377\000G\000l\000o\000s\000s\000a\000r\000y\000\040\000o\000f\000\040\000B\000e\000n\000c\000h\000m\000a\000r\000k\000\040\000I\000d\000e\000n\000t\000i\000f\000i\000e\000r\000s}{appendix.A}% 124
\BOOKMARK [1][-]{section.A.14}{\376\377\000P\000r\000o\000m\000p\000t\000\040\000E\000n\000g\000i\000n\000e\000e\000r\000i\000n\000g\000\040\000F\000i\000l\000e\000s}{appendix.A}% 125
\BOOKMARK [1][-]{section.A.15}{\376\377\000S\000a\000m\000p\000l\000e\000\040\000A\000s\000k\000\040\000R\000e\000s\000p\000o\000n\000s\000e\000\040\000C\000h\000a\000r\000a\000c\000t\000e\000r\000i\000s\000t\000i\000c\000s}{appendix.A}% 126
\BOOKMARK [1][-]{section.A.16}{\376\377\000E\000n\000v\000i\000r\000o\000n\000m\000e\000n\000t\000\040\000S\000e\000t\000u\000p}{appendix.A}% 127
\BOOKMARK [1][-]{section.A.17}{\376\377\000D\000o\000c\000u\000m\000e\000n\000t\000\040\000R\000e\000v\000i\000s\000i\000o\000n\000\040\000H\000i\000s\000t\000o\000r\000y}{appendix.A}% 128
\BOOKMARK [0][-]{appendix.A}{\376\377\000P\000r\000o\000j\000e\000c\000t\000\040\000C\000h\000e\000c\000k\000l\000i\000s\000t\000s}{}% 129
